ARM Linker, 5.03 [Build 76] [MDK-ARM Lite]

==============================================================================

Section Cross References

    main.o(.text) refers to chevents.o(.text) for chEvtSignalFlags
    main.o(.text) refers to relaythread.o(.text) for relayGet
    main.o(.text) refers to hal.o(.text) for halInit
    main.o(.text) refers to chsys.o(.text) for chSysInit
    main.o(.text) refers to chthreads.o(.text) for chThdSleep
    main.o(.text) refers to piezothread.o(.text) for startPiezoThread
    main.o(.text) refers to buttons.o(.text) for startButtonThread
    depilogue.o(.text) refers to llshl.o(.text) for __aeabi_llsl
    depilogue.o(.text) refers to llushr.o(.text) for __aeabi_llsr


==============================================================================

Removing Unused input sections from the image.

    Removing main.o(.emb_text), (8 bytes).
    Removing buttons.o(.emb_text), (8 bytes).
    Removing myadc.o(.emb_text), (8 bytes).
    Removing depilogue.o(.text), (192 bytes).
    Removing depilogue.o(i.__ARM_clz), (46 bytes).

52 unused section(s) (total 7697 bytes) removed from the image.

==============================================================================

Image Symbol Table

    Local Symbols

    Symbol Name                              Value     Ov Type        Size  Object(Section)

    RESET                                    0x00000000   Section      192  vectors.o(RESET)
    ../clib/microlib/ctype/tolower.c         0x00000000   Number         0  tolower.o ABSOLUTE
    ../clib/microlib/division.c              0x00000000   Number         0  uidiv.o ABSOLUTE
    ../clib/microlib/division.c              0x00000000   Number         0  uldiv.o ABSOLUTE
    ../clib/microlib/division.c              0x00000000   Number         0  idiv.o ABSOLUTE
    CSTACK                                   0x10001078   Section     1024  cstartup.o(CSTACK)
    MSTACK                                   0x10001478   Section     1024  cstartup.o(MSTACK)

    Global Symbols

    Symbol Name                              Value     Ov Type        Size  Object(Section)

    BuildAttributes$$THM_ISAv3M$S$PE$A:L22$X:L11$S22$IEEE1$IW$USESV6$~STKCKD$USESV7$~SHL$OTIME$ROPI$EBA8$MICROLIB$REQ8$PRES8$EABIv2 0x00000000   Number         0  anon$$obj.o ABSOLUTE
    __ARM_use_no_argv                        0x00000000   Number         0  main.o ABSOLUTE
    __Vectors                                0x00000000   Data           0  vectors.o(RESET)
    __use_no_errno                           0x00000000   Number         0  useno.o ABSOLUTE
    __use_no_exception_handling              0x00000000   Number         0  useno.o ABSOLUTE
    __use_no_fp                              0x00000000   Number         0  useno.o ABSOLUTE
    __use_no_heap                            0x00000000   Number         0  useno.o ABSOLUTE
    __use_no_heap_region                     0x00000000   Number         0  useno.o ABSOLUTE
    __use_no_semihosting                     0x00000000   Number         0  useno.o ABSOLUTE
    __use_no_semihosting_swi                 0x00000000   Number         0  useno.o ABSOLUTE
    __use_no_signal_handling                 0x00000000   Number         0  useno.o ABSOLUTE
    _printf_a                                0x00000000   Number         0  stubs.o ABSOLUTE
    _printf_c                                0x00000000   Number         0  stubs.o ABSOLUTE
    _printf_charcount                        0x00000000   Number         0  stubs.o ABSOLUTE
    GPTD3                                    0x10000fb8   Data          12  gpt_lld.o(.bss)
    GPTD4                                    0x10000fc4   Data          12  gpt_lld.o(.bss)
    SD1                                      0x10000fd0   Data         116  serial_lld.o(.bss)
    SPID1                                    0x10001044   Data          48  spi_lld.o(.bss)
    __main_thread_stack_base__               0x10001078   Data           0  cstartup.o(CSTACK)
    __initial_sp                             0x10001478   Data           0  cstartup.o(CSTACK)
    Image$$RW_IRAM1$$ZI$$Limit               0x10001878   Number         0  cstartup.o(MSTACK)
    __initial_msp                            0x10001878   Data           0  cstartup.o(MSTACK)
    Image$$RW_IRAM2$$Base                    0x10002000   Number         0  anon$$obj.o(linker$$defined$$symbols)



==============================================================================

Memory Map of the image

  Image Entry point : 0x000000c1

  Load Region LR_IROM1 (Base: 0x00000000, Size: 0x000034b8, Max: 0x00008000, ABSOLUTE)

    Execution Region ER_IROM1 (Base: 0x00000000, Size: 0x00003428, Max: 0x00008000, ABSOLUTE)

    Base Addr    Size         Type   Attr      Idx    E Section Name        Object

    0x00000000   0x000000c0   Data   RO         1227    RESET               vectors.o
    0x000000c0   0x00000000   Code   RO         1232  * .ARM.Collect$$$$00000000  mc_p.l(entry.o)
    0x000000c0   0x00000004   Code   RO         1520    .ARM.Collect$$$$00000001  mc_p.l(entry2.o)
    0x000000c4   0x00000004   Code   RO         1523    .ARM.Collect$$$$00000004  mc_p.l(entry5.o)
    0x000000c8   0x00000000   Code   RO         1525    .ARM.Collect$$$$00000008  mc_p.l(entry7b.o)
    0x000000c8   0x00000000   Code   RO         1527    .ARM.Collect$$$$0000000A  mc_p.l(entry8b.o)
    0x000000c8   0x00000008   Code   RO         1528    .ARM.Collect$$$$0000000B  mc_p.l(entry9a.o)
    0x000000d0   0x00000000   Code   RO         1530    .ARM.Collect$$$$0000000D  mc_p.l(entry10a.o)
    0x000000d0   0x00000000   Code   RO         1532    .ARM.Collect$$$$0000000F  mc_p.l(entry11a.o)
    0x000000d0   0x00000004   Code   RO         1521    .ARM.Collect$$$$00002712  mc_p.l(entry2.o)
    0x000000d4   0x00000104   Code   RO            2    .text               main.o
    0x000001d8   0x0000016c   Code   RO          275    .text               buttons.o
    0x00001784   0x00000158   Code   RO          746    .text               chheap.o
    0x000018dc   0x00000062   Code   RO          773    .text               chmempools.o
    0x0000193e   0x00000002   PAD
    0x00001940   0x00000208   Code   RO          798    .text               chmtx.o
    0x00002f4a   0x00000002   PAD
    0x00002f4c   0x00000024   Code   RO         1551    .text               mc_p.l(init.o)
    0x00002f70   0x0000000e   Code   RO         1566    i.__scatterload_copy  mc_p.l(handlers.o)
    0x00002f7e   0x00000002   Code   RO         1567    i.__scatterload_null  mc_p.l(handlers.o)
    0x00002f80   0x0000000e   Code   RO         1568    i.__scatterload_zeroinit  mc_p.l(handlers.o)
    0x00002f8e   0x00000002   PAD
    0x00002f90   0x00000014   Data   RO            3    .constdata          main.o
    0x00002fa4   0x000003fc   Data   RO          444    .constdata          lut.o
    0x000033a0   0x00000020   Data   RO          547    .constdata          board.o
    0x000033c0   0x00000016   Data   RO          827    .constdata          chregistry.o
    0x000033d6   0x00000002   PAD
    0x000033d8   0x00000024   Data   RO          983    .constdata          serial.o
    0x000033fc   0x0000000c   Data   RO         1093    .constdata          serial_lld.o
    0x00003408   0x00000020   Data   RO         1563    Region$$Table       anon$$obj.o


    Execution Region RW_IRAM1 (Base: 0x10000000, Size: 0x00001878, Max: 0x00002000, ABSOLUTE)

    Base Addr    Size         Type   Attr      Idx    E Section Name        Object

    0x10000000   0x0000000c   Data   RW            4    .data               main.o
    0x1000000c   0x00000010   Data   RW          293    .data               myadc.o
    0x1000001c   0x00000008   Data   RW          358    .data               relaythread.o
    0x10000024   0x00000004   Data   RW          461    .data               piezothread.o
    0x10000028   0x00000058   Data   RW          485    .data               fuse.o
    0x10000080   0x00000004   Data   RW          520    .data               ledthread.o
    0x10000084   0x00000008   Data   RW          685    .data               chmemcore.o
    0x1000008c   0x00000004   Data   RW         1159    .data               system.o
    0x10000090   0x00000024   Zero   RW          292    .bss                myadc.o
    0x100000b4   0x00000004   PAD
    0x100000b8   0x00000130   Zero   RW          357    .bss                relaythread.o
    0x100001e8   0x00000130   Zero   RW          460    .bss                piezothread.o
    0x10000318   0x000009ec   Zero   RW          484    .bss                fuse.o
    0x10000d04   0x00000004   PAD
    0x10000d08   0x00000130   Zero   RW          519    .bss                ledthread.o
    0x10000e38   0x00000010   Zero   RW          546    .bss                board.o
    0x10000e48   0x00000020   Zero   RW          588    .bss                chschd.o
    0x10000e68   0x00000108   Zero   RW          630    .bss                chsys.o
    0x10000f70   0x00000010   Zero   RW          667    .bss                chvt.o
    0x10000f80   0x00000020   Zero   RW          747    .bss                chheap.o
    0x10000fa0   0x00000030   Zero   RW         1034    .bss                gpt_lld.o
    0x10000fd0   0x00000074   Zero   RW         1092    .bss                serial_lld.o
    0x10001044   0x00000030   Zero   RW         1115    .bss                spi_lld.o
    0x10001074   0x00000004   PAD
    0x10001078   0x00000400   Zero   RW         1221    CSTACK              cstartup.o
    0x10001478   0x00000400   Zero   RW         1220    MSTACK              cstartup.o


    Execution Region RW_IRAM2 (Base: 0x10002000, Size: 0x00000000, Max: 0x00000001, ABSOLUTE)

    Base Addr    Size         Type   Attr      Idx    E Section Name        Object

    0x10002000   0x00000000   Data   RO         1565    linker$$defined$$symbols  anon$$obj.o


==============================================================================

Image component sizes


      Code (inc. data)   RO Data    RW Data    ZI Data      Debug   Object Name

       116         32         32          0         16       2819   board.o
       364         20          0          0          0       1292   buttons.o
         4          0          0          0          0        412   chcore.o
       156         14          0          0          0       1375   chcore_v6m.o
        60          4          0          0          0        492   chcoreasm_v6m.o
       268          0          0          0          0       1765   chdynamic.o
       652          4          0          0          0       4065   chevents.o
       344         12          0          0         32       2076   chheap.o
       104         14          0          8          0       1682   chmemcore.o
        98          0          0          0          0       1623   chmempools.o
       520          4          0          0          0       3646   chmtx.o
       772          4          0          0          0       4083   chqueues.o
         0          0         22          0          0       1587   chregistry.o
       536         14          0          0         32       4983   chschd.o
         0          0          0          0          0        624   chsem.o
       228         48          0          0        264       1450   chsys.o
       620         12          0          0          0       4517   chthreads.o
       144          4          0          0         16       2419   chvt.o
        36          8          0          0       2048        412   cstartup.o
       900         82          0         88       2540       2707   fuse.o
       160          0          0          0          0       2417   gpt.o
       628         40          0          0         48       4098   gpt_lld.o
        36          6          0          0          0        438   hal.o
       140         32          0          0          0        738   hal_lld.o
       164          8          0          0          0       1597   iap_driver.o
       316         36          0          4        304       2067   ledthread.o
        20          6       1020          0          0        908   lut.o
       260         22         20         12          0      43757   main.o
       516         40          0         16         36       8703   myadc.o
       156         22          0          0          0        934   nvic.o
       136         32          0          0          0       1082   pal_lld.o
       304         42          0          4        304       1541   piezothread.o
       120         20          0          8        304       1615   relaythread.o
       328          6         36          0          0       3152   serial.o
       548         28         12          0        116       3958   serial_lld.o
       312          6          0          0          0       2697   spi.o
       588         26          0          0         48       4932   spi_lld.o
       292         90          0          4          0        931   system.o
         4          0        192          0          0        388   vectors.o
       340          0          0          0          0       2556   xifo.o

    ----------------------------------------------------------------------
     11292        738       1368        144       6120     132538   Object Totals
         0          0         32          0          0          0   (incl. Generated)
         2          0          2          0         12          0   (incl. Padding)

    ----------------------------------------------------------------------

      Code (inc. data)   RO Data    RW Data    ZI Data      Debug   Library Member Name

         0          0          0          0          0          0   entry.o
         0          0          0          0          0          0   entry10a.o
         0          0          0          0          0          0   entry11a.o
         8          4          0          0          0          0   entry2.o
         4          0          0          0          0          0   entry5.o
         0          0          0          0          0          0   entry7b.o
         0          0          0          0          0          0   entry8b.o
         8          4          0          0          0          0   entry9a.o
        30          0          0          0          0          0   handlers.o
        40          0          0          0          0         72   idiv.o
        36          8          0          0          0         68   init.o
         0          0          0          0          0          0   iusefp.o
        44          0          0          0          0         72   uidiv.o
       178          0          0          0          0        108   fadd.o
       132          0          0          0          0        144   fepilogue.o
        50          0          0          0          0         60   ffixi.o
        22          0          0          0          0         68   fflti.o
        14          0          0          0          0         68   ffltui.o
       122          0          0          0          0         72   fmul.o

    ----------------------------------------------------------------------
       692         16          0          0          0        732   Library Totals
         4          0          0          0          0          0   (incl. Padding)

    ----------------------------------------------------------------------

      Code (inc. data)   RO Data    RW Data    ZI Data      Debug   Library Name

       170         16          0          0          0        212   mc_p.l
       518          0          0          0          0        520   mf_p.l

    ----------------------------------------------------------------------
       692         16          0          0          0        732   Library Totals

    ----------------------------------------------------------------------

==============================================================================


      Code (inc. data)   RO Data    RW Data    ZI Data      Debug   

     11984        754       1368        144       6120     129990   Grand Totals
     11984        754       1368        144       6120     129990   ELF Image Totals
     11984        754       1368        144          0          0   ROM Totals

==============================================================================

    Total RO  Size (Code + RO Data)                13352 (  13.04kB)
    Total RW  Size (RW Data + ZI Data)              6264 (   6.12kB)
    Total ROM Size (Code + RO Data + RW Data)      13496 (  13.18kB)

==============================================================================

