ARM Linker, 5.03 [Build 76] [MDK-ARM Lite]

==============================================================================

Section Cross References

    main.o(.text) refers to chevents.o(.text) for chEvtSignalFlags
    main.o(.text) refers to relaythread.o(.text) for relayGet
    main.o(.text) refers to hal.o(.text) for halInit
    main.o(.text) refers to chsys.o(.text) for chSysInit
    main.o(.text) refers to chthreads.o(.text) for chThdSleep
    main.o(.text) refers to piezothread.o(.text) for startPiezoThread
    main.o(.text) refers to buttons.o(.text) for startButtonThread
    main.o(.text) refers to fuse.o(.text) for startFuse
    main.o(.text) refers to ledthread.o(.text) for startLedThread
    main.o(.text) refers to main.o(.data) for .data
    main.o(.text) refers to ledthread.o(.data) for tpLedThread
    main.o(.text) refers to piezothread.o(.data) for tpPiezoThread
    main.o(.text) refers to main.o(.constdata) for .constdata
    main.o(.constdata) refers to main.o(.text) for button_pressed
    buttons.o(.text) refers to idiv.o(.text) for __aeabi_idivmod
    buttons.o(.text) refers to chthreads.o(.text) for chThdSleepUntil
    buttons.o(.text) refers to chdynamic.o(.text) for chThdCreateFromHeap
    buttons.o(.text) refers to chvt.o(.bss) for vtlist
    myadc.o(.text) refers to chevents.o(.text) for chEvtSignalFlags
    myadc.o(.text) refers to chcore_v6m.o(.text) for _port_irq_epilogue
    myadc.o(.text) refers to uidiv.o(.text) for __aeabi_uidivmod
    myadc.o(.text) refers to myadc.o(.data) for .data
    myadc.o(.text) refers to myadc.o(.bss) for .bss
    myadc.o(.text) refers to system.o(.data) for CoreClock
    myserial.o(.text) refers to serial.o(.text) for sdStart
    myserial.o(.text) refers to chqueues.o(.text) for chOQPutTimeout
    myserial.o(.text) refers to printf8.o(i.__0printf$8) for __2printf
    myserial.o(.text) refers to chthreads.o(.text) for chThdSleep
    myserial.o(.text) refers to uidiv.o(.text) for __aeabi_uidivmod
    myserial.o(.text) refers to myserial.o(.data) for .data
    myserial.o(.text) refers to board.o(.bss) for deviceId
    myserial.o(.text) refers to myserial.o(.bss) for .bss
    relaythread.o(.text) refers to chevents.o(.text) for chEvtSignalFlags
    relaythread.o(.text) refers to chthreads.o(.text) for chThdCreateStatic
    relaythread.o(.text) refers to relaythread.o(.data) for .data
    relaythread.o(.text) refers to ledthread.o(.data) for tpLedThread
    relaythread.o(.text) refers to relaythread.o(.bss) for .bss
    retarget.o(.text) refers to myserial.o(.text) for mySerialprint
    lut.o(.text) refers to lut.o(.constdata) for .constdata
    piezothread.o(.text) refers to uidiv.o(.text) for __aeabi_uidivmod
    piezothread.o(.text) refers to chevents.o(.text) for chEvtWaitAnyTimeout
    piezothread.o(.text) refers to chthreads.o(.text) for chThdSleep
    piezothread.o(.text) refers to system.o(.data) for CoreClock
    piezothread.o(.text) refers to piezothread.o(.bss) for .bss
    piezothread.o(.text) refers to piezothread.o(.data) for .data
    fuse.o(.text) refers to xifo.o(.text) for xifo_get_used
    fuse.o(.text) refers to uidiv.o(.text) for __aeabi_uidivmod
    fuse.o(.text) refers to lut.o(.text) for conv_sens
    fuse.o(.text) refers to relaythread.o(.text) for relayGet
    fuse.o(.text) refers to fadd.o(.text) for __aeabi_fsub
    fuse.o(.text) refers to fflti.o(.text) for __aeabi_i2f
    fuse.o(.text) refers to fmul.o(.text) for __aeabi_fmul
    fuse.o(.text) refers to ffixi.o(.text) for __aeabi_f2iz
    fuse.o(.text) refers to ffltui.o(.text) for __aeabi_ui2f
    fuse.o(.text) refers to chevents.o(.text) for chEvtSignalFlagsI
    fuse.o(.text) refers to myadc.o(.text) for ADCStartBurst
    fuse.o(.text) refers to chthreads.o(.text) for chThdSleepUntil
    fuse.o(.text) refers to fuse.o(.data) for .data
    fuse.o(.text) refers to fuse.o(.bss) for .bss
    fuse.o(.text) refers to main.o(.data) for config
    fuse.o(.text) refers to ledthread.o(.data) for tpLedThread
    fuse.o(.text) refers to piezothread.o(.data) for tpPiezoThread
    fuse.o(.text) refers to chschd.o(.bss) for rlist
    fuse.o(.text) refers to chvt.o(.bss) for vtlist
    ledthread.o(.text) refers to uidiv.o(.text) for __aeabi_uidivmod
    ledthread.o(.text) refers to chevents.o(.text) for chEvtWaitAnyTimeout
    ledthread.o(.text) refers to chthreads.o(.text) for chThdCreateStatic
    ledthread.o(.text) refers to system.o(.data) for CoreClock
    ledthread.o(.text) refers to main.o(.data) for config
    ledthread.o(.text) refers to ledthread.o(.bss) for .bss
    ledthread.o(.text) refers to ledthread.o(.data) for .data
    board.o(.text) refers to hal_lld.o(.text) for lpc111x_clock_init
    board.o(.text) refers to system.o(.text) for GetCoreClock
    board.o(.text) refers to iap_driver.o(.text) for iap_get_uid
    board.o(.text) refers to system.o(.data) for CoreClock
    board.o(.text) refers to board.o(.bss) for .bss
[...]
    printf1.o(i.__0fprintf$1) refers to retarget.o(.text) for fputc
    printf1.o(i.__0printf$1) refers to printf1.o(i._printf_core) for _printf_core
    printf1.o(i.__0printf$1) refers to retarget.o(.text) for fputc
    printf1.o(i.__0printf$1) refers to retarget.o(.data) for __stdout
    printf1.o(i.__0snprintf$1) refers to printf1.o(i._printf_core) for _printf_core
    printf1.o(i.__0snprintf$1) refers to printf1.o(i._snputc) for _snputc
    printf1.o(i.__0sprintf$1) refers to printf1.o(i._printf_core) for _printf_core
    printf1.o(i.__0sprintf$1) refers to printf1.o(i._sputc) for _sputc
    printf1.o(i.__0vfprintf$1) refers to printf1.o(i._printf_core) for _printf_core
    printf1.o(i.__0vfprintf$1) refers to retarget.o(.text) for fputc
    printf1.o(i.__0vprintf$1) refers to printf1.o(i._printf_core) for _printf_core
    printf1.o(i.__0vprintf$1) refers to retarget.o(.text) for fputc
    printf1.o(i.__0vprintf$1) refers to retarget.o(.data) for __stdout
    printf1.o(i.__0vsnprintf$1) refers to printf1.o(i._printf_core) for _printf_core
    printf1.o(i.__0vsnprintf$1) refers to printf1.o(i._snputc) for _snputc
    printf1.o(i.__0vsprintf$1) refers to printf1.o(i._printf_core) for _printf_core
    printf1.o(i.__0vsprintf$1) refers to printf1.o(i._sputc) for _sputc
    printf1.o(i._printf_core) refers to uidiv.o(.text) for __aeabi_uidivmod
    printf2.o(i.__0fprintf$2) refers to printf2.o(i._printf_core) for _printf_core
    printf2.o(i.__0fprintf$2) refers to retarget.o(.text) for fputc
    printf2.o(i.__0printf$2) refers to printf2.o(i._printf_core) for _printf_core
    printf2.o(i.__0printf$2) refers to retarget.o(.text) for fputc
    printf2.o(i.__0printf$2) refers to retarget.o(.data) for __stdout
    printf2.o(i.__0snprintf$2) refers to printf2.o(i._printf_core) for _printf_core
    printf2.o(i.__0snprintf$2) refers to printf2.o(i._snputc) for _snputc
    printf2.o(i.__0sprintf$2) refers to printf2.o(i._printf_core) for _printf_core
    printf2.o(i.__0sprintf$2) refers to printf2.o(i._sputc) for _sputc
    printf2.o(i.__0vfprintf$2) refers to printf2.o(i._printf_core) for _printf_core
    printf2.o(i.__0vfprintf$2) refers to retarget.o(.text) for fputc
    printf2.o(i.__0vprintf$2) refers to printf2.o(i._printf_core) for _printf_core
    printf2.o(i.__0vprintf$2) refers to retarget.o(.text) for fputc
    printf2.o(i.__0vprintf$2) refers to retarget.o(.data) for __stdout
    printf2.o(i.__0vsnprintf$2) refers to printf2.o(i._printf_core) for _printf_core
    printf2.o(i.__0vsnprintf$2) refers to printf2.o(i._snputc) for _snputc
    printf2.o(i.__0vsprintf$2) refers to printf2.o(i._printf_core) for _printf_core
    printf2.o(i.__0vsprintf$2) refers to printf2.o(i._sputc) for _sputc
    printf3.o(i.__0fprintf$3) refers to printf3.o(i._printf_core) for _printf_core
    printf3.o(i.__0fprintf$3) refers to retarget.o(.text) for fputc
    printf3.o(i.__0printf$3) refers to printf3.o(i._printf_core) for _printf_core
    printf3.o(i.__0printf$3) refers to retarget.o(.text) for fputc
    printf3.o(i.__0printf$3) refers to retarget.o(.data) for __stdout
    printf3.o(i.__0snprintf$3) refers to printf3.o(i._printf_core) for _printf_core
    printf3.o(i.__0snprintf$3) refers to printf3.o(i._snputc) for _snputc
    printf3.o(i.__0sprintf$3) refers to printf3.o(i._printf_core) for _printf_core
    printf3.o(i.__0sprintf$3) refers to printf3.o(i._sputc) for _sputc
    printf3.o(i.__0vfprintf$3) refers to printf3.o(i._printf_core) for _printf_core
    printf3.o(i.__0vfprintf$3) refers to retarget.o(.text) for fputc
    printf3.o(i.__0vprintf$3) refers to printf3.o(i._printf_core) for _printf_core
    printf3.o(i.__0vprintf$3) refers to retarget.o(.text) for fputc
    printf3.o(i.__0vprintf$3) refers to retarget.o(.data) for __stdout
    printf3.o(i.__0vsnprintf$3) refers to printf3.o(i._printf_core) for _printf_core
    printf3.o(i.__0vsnprintf$3) refers to printf3.o(i._snputc) for _snputc
    printf3.o(i.__0vsprintf$3) refers to printf3.o(i._printf_core) for _printf_core
    printf3.o(i.__0vsprintf$3) refers to printf3.o(i._sputc) for _sputc
    printf3.o(i._printf_core) refers to uidiv.o(.text) for __aeabi_uidivmod
    printf4.o(i.__0fprintf$4) refers to printf4.o(i._printf_core) for _printf_core
    printf4.o(i.__0fprintf$4) refers to retarget.o(.text) for fputc
    printf4.o(i.__0printf$4) refers to printf4.o(i._printf_core) for _printf_core
    printf4.o(i.__0printf$4) refers to retarget.o(.text) for fputc
    printf4.o(i.__0printf$4) refers to retarget.o(.data) for __stdout
    printf4.o(i.__0snprintf$4) refers to printf4.o(i._printf_core) for _printf_core
    printf4.o(i.__0snprintf$4) refers to printf4.o(i._snputc) for _snputc
    printf4.o(i.__0sprintf$4) refers to printf4.o(i._printf_core) for _printf_core
    printf4.o(i.__0sprintf$4) refers to printf4.o(i._sputc) for _sputc
    printf4.o(i.__0vfprintf$4) refers to printf4.o(i._printf_core) for _printf_core
    printf4.o(i.__0vfprintf$4) refers to retarget.o(.text) for fputc
    printf4.o(i.__0vprintf$4) refers to printf4.o(i._printf_core) for _printf_core
    printf4.o(i.__0vprintf$4) refers to retarget.o(.text) for fputc
    printf4.o(i.__0vprintf$4) refers to retarget.o(.data) for __stdout
    printf4.o(i.__0vsnprintf$4) refers to printf4.o(i._printf_core) for _printf_core
    printf4.o(i.__0vsnprintf$4) refers to printf4.o(i._snputc) for _snputc
    printf4.o(i.__0vsprintf$4) refers to printf4.o(i._printf_core) for _printf_core
    printf4.o(i.__0vsprintf$4) refers to printf4.o(i._sputc) for _sputc
    printf4.o(i._printf_core) refers to uldiv.o(.text) for __aeabi_uldivmod
    printf5.o(i.__0fprintf$5) refers to printf5.o(i._printf_core) for _printf_core
    printf5.o(i.__0fprintf$5) refers to retarget.o(.text) for fputc
    printf5.o(i.__0printf$5) refers to printf5.o(i._printf_core) for _printf_core
    printf5.o(i.__0printf$5) refers to retarget.o(.text) for fputc
    printf5.o(i.__0printf$5) refers to retarget.o(.data) for __stdout
    printf5.o(i.__0snprintf$5) refers to printf5.o(i._printf_core) for _printf_core
    printf5.o(i.__0snprintf$5) refers to printf5.o(i._snputc) for _snputc
    printf5.o(i.__0sprintf$5) refers to printf5.o(i._printf_core) for _printf_core
    printf5.o(i.__0sprintf$5) refers to printf5.o(i._sputc) for _sputc
    printf5.o(i.__0vfprintf$5) refers to printf5.o(i._printf_core) for _printf_core
    printf5.o(i.__0vfprintf$5) refers to retarget.o(.text) for fputc
    printf5.o(i.__0vprintf$5) refers to printf5.o(i._printf_core) for _printf_core
    printf5.o(i.__0vprintf$5) refers to retarget.o(.text) for fputc
    printf5.o(i.__0vprintf$5) refers to retarget.o(.data) for __stdout
    printf5.o(i.__0vsnprintf$5) refers to printf5.o(i._printf_core) for _printf_core
    printf5.o(i.__0vsnprintf$5) refers to printf5.o(i._snputc) for _snputc
    printf5.o(i.__0vsprintf$5) refers to printf5.o(i._printf_core) for _printf_core
    printf5.o(i.__0vsprintf$5) refers to printf5.o(i._sputc) for _sputc
    printf5.o(i._printf_core) refers to uldiv.o(.text) for __aeabi_uldivmod
    printf6.o(i.__0fprintf$6) refers to printf6.o(i._printf_core) for _printf_core
    printf6.o(i.__0fprintf$6) refers to retarget.o(.text) for fputc
    printf6.o(i.__0printf$6) refers to printf6.o(i._printf_core) for _printf_core
    printf6.o(i.__0printf$6) refers to retarget.o(.text) for fputc
    printf6.o(i.__0printf$6) refers to retarget.o(.data) for __stdout
    printf6.o(i.__0snprintf$6) refers to printf6.o(i._printf_core) for _printf_core
    printf6.o(i.__0snprintf$6) refers to printf6.o(i._snputc) for _snputc
    printf6.o(i.__0sprintf$6) refers to printf6.o(i._printf_core) for _printf_core
    printf6.o(i.__0sprintf$6) refers to printf6.o(i._sputc) for _sputc
    printf6.o(i.__0vfprintf$6) refers to printf6.o(i._printf_core) for _printf_core
    printf6.o(i.__0vfprintf$6) refers to retarget.o(.text) for fputc
    printf6.o(i.__0vprintf$6) refers to printf6.o(i._printf_core) for _printf_core
    printf6.o(i.__0vprintf$6) refers to retarget.o(.text) for fputc
    printf6.o(i.__0vprintf$6) refers to retarget.o(.data) for __stdout
    printf6.o(i.__0vsnprintf$6) refers to printf6.o(i._printf_core) for _printf_core
    printf6.o(i.__0vsnprintf$6) refers to printf6.o(i._snputc) for _snputc
    printf6.o(i.__0vsprintf$6) refers to printf6.o(i._printf_core) for _printf_core
    printf6.o(i.__0vsprintf$6) refers to printf6.o(i._sputc) for _sputc
    printf6.o(i._printf_core) refers to printf6.o(i._printf_pre_padding) for _printf_pre_padding
    printf6.o(i._printf_core) refers to printf6.o(i._printf_post_padding) for _printf_post_padding
    printf6.o(i._printf_core) refers to uidiv.o(.text) for __aeabi_uidivmod
    printf7.o(i.__0fprintf$7) refers to printf7.o(i._printf_core) for _printf_core
    printf7.o(i.__0fprintf$7) refers to retarget.o(.text) for fputc
    printf7.o(i.__0printf$7) refers to printf7.o(i._printf_core) for _printf_core
    printf7.o(i.__0printf$7) refers to retarget.o(.text) for fputc
    printf7.o(i.__0printf$7) refers to retarget.o(.data) for __stdout
    printf7.o(i.__0snprintf$7) refers to printf7.o(i._printf_core) for _printf_core
    printf7.o(i.__0snprintf$7) refers to printf7.o(i._snputc) for _snputc
    printf7.o(i.__0sprintf$7) refers to printf7.o(i._printf_core) for _printf_core
    printf7.o(i.__0sprintf$7) refers to printf7.o(i._sputc) for _sputc
    printf7.o(i.__0vfprintf$7) refers to printf7.o(i._printf_core) for _printf_core
    printf7.o(i.__0vfprintf$7) refers to retarget.o(.text) for fputc
    printf7.o(i.__0vprintf$7) refers to printf7.o(i._printf_core) for _printf_core
    printf7.o(i.__0vprintf$7) refers to retarget.o(.text) for fputc
    printf7.o(i.__0vprintf$7) refers to retarget.o(.data) for __stdout
    printf7.o(i.__0vsnprintf$7) refers to printf7.o(i._printf_core) for _printf_core
    printf7.o(i.__0vsnprintf$7) refers to printf7.o(i._snputc) for _snputc
    printf7.o(i.__0vsprintf$7) refers to printf7.o(i._printf_core) for _printf_core
    printf7.o(i.__0vsprintf$7) refers to printf7.o(i._sputc) for _sputc
    printf7.o(i._printf_core) refers to printf7.o(i._printf_pre_padding) for _printf_pre_padding
    printf7.o(i._printf_core) refers to printf7.o(i._printf_post_padding) for _printf_post_padding
    printf7.o(i._printf_core) refers to uldiv.o(.text) for __aeabi_uldivmod
    printf8.o(i.__0fprintf$8) refers to printf8.o(i._printf_core) for _printf_core
    printf8.o(i.__0fprintf$8) refers to retarget.o(.text) for fputc
    printf8.o(i.__0printf$8) refers to printf8.o(i._printf_core) for _printf_core
    printf8.o(i.__0printf$8) refers to retarget.o(.text) for fputc
    printf8.o(i.__0printf$8) refers to retarget.o(.data) for __stdout
    printf8.o(i.__0snprintf$8) refers to printf8.o(i._printf_core) for _printf_core
    printf8.o(i.__0snprintf$8) refers to printf8.o(i._snputc) for _snputc
    printf8.o(i.__0sprintf$8) refers to printf8.o(i._printf_core) for _printf_core
    printf8.o(i.__0sprintf$8) refers to printf8.o(i._sputc) for _sputc
    printf8.o(i.__0vfprintf$8) refers to printf8.o(i._printf_core) for _printf_core
    printf8.o(i.__0vfprintf$8) refers to retarget.o(.text) for fputc
    printf8.o(i.__0vprintf$8) refers to printf8.o(i._printf_core) for _printf_core
    printf8.o(i.__0vprintf$8) refers to retarget.o(.text) for fputc
    printf8.o(i.__0vprintf$8) refers to retarget.o(.data) for __stdout
    printf8.o(i.__0vsnprintf$8) refers to printf8.o(i._printf_core) for _printf_core
    printf8.o(i.__0vsnprintf$8) refers to printf8.o(i._snputc) for _snputc
    printf8.o(i.__0vsprintf$8) refers to printf8.o(i._printf_core) for _printf_core
    printf8.o(i.__0vsprintf$8) refers to printf8.o(i._sputc) for _sputc
    printf8.o(i._printf_core) refers to printf8.o(i._printf_pre_padding) for _printf_pre_padding
    printf8.o(i._printf_core) refers to printf8.o(i._printf_post_padding) for _printf_post_padding
    printf8.o(i._printf_core) refers to uldiv.o(.text) for __aeabi_uldivmod
    printfa.o(i.__0fprintf) refers (Special) to iusefp.o(.text) for __I$use$fp
    printfa.o(i.__0fprintf) refers to printfa.o(i._printf_core) for _printf_core
    printfa.o(i.__0fprintf) refers to retarget.o(.text) for fputc
    printfa.o(i.__0printf) refers (Special) to iusefp.o(.text) for __I$use$fp
    printfa.o(i.__0printf) refers to printfa.o(i._printf_core) for _printf_core
    printfa.o(i.__0printf) refers to retarget.o(.text) for fputc
    printfa.o(i.__0printf) refers to retarget.o(.data) for __stdout
    printfa.o(i.__0snprintf) refers (Special) to iusefp.o(.text) for __I$use$fp
    printfa.o(i.__0snprintf) refers to printfa.o(i._printf_core) for _printf_core
    printfa.o(i.__0snprintf) refers to printfa.o(i._snputc) for _snputc
    printfa.o(i.__0sprintf) refers (Special) to iusefp.o(.text) for __I$use$fp
    printfa.o(i.__0sprintf) refers to printfa.o(i._printf_core) for _printf_core
    printfa.o(i.__0sprintf) refers to printfa.o(i._sputc) for _sputc
    printfa.o(i.__0vfprintf) refers (Special) to iusefp.o(.text) for __I$use$fp
    printfa.o(i.__0vfprintf) refers to printfa.o(i._printf_core) for _printf_core
    printfa.o(i.__0vfprintf) refers to retarget.o(.text) for fputc
    printfa.o(i.__0vprintf) refers (Special) to iusefp.o(.text) for __I$use$fp
    printfa.o(i.__0vprintf) refers to printfa.o(i._printf_core) for _printf_core
    printfa.o(i.__0vprintf) refers to retarget.o(.text) for fputc
    printfa.o(i.__0vprintf) refers to retarget.o(.data) for __stdout
    printfa.o(i.__0vsnprintf) refers (Special) to iusefp.o(.text) for __I$use$fp
    printfa.o(i.__0vsnprintf) refers to printfa.o(i._printf_core) for _printf_core
    printfa.o(i.__0vsnprintf) refers to printfa.o(i._snputc) for _snputc
    printfa.o(i.__0vsprintf) refers (Special) to iusefp.o(.text) for __I$use$fp
    printfa.o(i.__0vsprintf) refers to printfa.o(i._printf_core) for _printf_core
    printfa.o(i.__0vsprintf) refers to printfa.o(i._sputc) for _sputc
    printfa.o(i._fp_digits) refers (Special) to iusefp.o(.text) for __I$use$fp
    printfa.o(i._fp_digits) refers to dmul.o(.text) for __aeabi_dmul
    printfa.o(i._fp_digits) refers to ddiv.o(.text) for __aeabi_ddiv
    printfa.o(i._fp_digits) refers to cdrcmple.o(.text) for __aeabi_cdrcmple
    printfa.o(i._fp_digits) refers to dadd.o(.text) for __aeabi_dadd
    printfa.o(i._fp_digits) refers to dfixul.o(.text) for __aeabi_d2ulz
    printfa.o(i._fp_digits) refers to uldiv.o(.text) for __aeabi_uldivmod
    printfa.o(i._printf_core) refers (Special) to iusefp.o(.text) for __I$use$fp
    printfa.o(i._printf_core) refers to printfa.o(i._printf_pre_padding) for _printf_pre_padding
    printfa.o(i._printf_core) refers to uldiv.o(.text) for __aeabi_uldivmod
    printfa.o(i._printf_core) refers to printfa.o(i._printf_post_padding) for _printf_post_padding
    printfa.o(i._printf_core) refers to printfa.o(i._fp_digits) for _fp_digits
    printfa.o(i._printf_core) refers to uidiv.o(.text) for __aeabi_uidivmod
    printfa.o(i._printf_post_padding) refers (Special) to iusefp.o(.text) for __I$use$fp
    printfa.o(i._printf_pre_padding) refers (Special) to iusefp.o(.text) for __I$use$fp
    printfa.o(i._snputc) refers (Special) to iusefp.o(.text) for __I$use$fp
    printfa.o(i._sputc) refers (Special) to iusefp.o(.text) for __I$use$fp
    fadd.o(.text) refers (Special) to iusefp.o(.text) for __I$use$fp
    fadd.o(.text) refers to fepilogue.o(.text) for _float_epilogue
    fmul.o(.text) refers (Special) to iusefp.o(.text) for __I$use$fp
    fflti.o(.text) refers (Special) to iusefp.o(.text) for __I$use$fp
    fflti.o(.text) refers to fepilogue.o(.text) for _float_epilogue
    ffltui.o(.text) refers (Special) to iusefp.o(.text) for __I$use$fp
    ffltui.o(.text) refers to fepilogue.o(.text) for _float_epilogue
    ffixi.o(.text) refers (Special) to iusefp.o(.text) for __I$use$fp
    entry2.o(.ARM.Collect$$$$00000001) refers to entry2.o(.ARM.Collect$$$$00002712) for __lit__00000000
    entry2.o(.ARM.Collect$$$$00002712) refers to cstartup.o(CSTACK) for __initial_sp
    entry2.o(__vectab_stack_and_reset_area) refers to cstartup.o(CSTACK) for __initial_sp
    entry2.o(__vectab_stack_and_reset_area) refers to entry.o(.ARM.Collect$$$$00000000) for __main
    entry5.o(.ARM.Collect$$$$00000004) refers to init.o(.text) for __scatterload
    entry9a.o(.ARM.Collect$$$$0000000B) refers to main.o(.text) for main
    entry9b.o(.ARM.Collect$$$$0000000C) refers to main.o(.text) for main
    uldiv.o(.text) refers to llushr.o(.text) for __aeabi_llsr
    uldiv.o(.text) refers to llshl.o(.text) for __aeabi_llsl
    dadd.o(.text) refers to llshl.o(.text) for __aeabi_llsl
    dadd.o(.text) refers to llsshr.o(.text) for __aeabi_lasr
    dadd.o(.text) refers to depilogue.o(.text) for _double_epilogue
    dmul.o(.text) refers to depilogue.o(.text) for _double_epilogue
    ddiv.o(.text) refers to depilogue.o(.text) for _double_round
    dfixul.o(.text) refers to llushr.o(.text) for __aeabi_llsr
    dfixul.o(.text) refers to llshl.o(.text) for __aeabi_llsl
    init.o(.text) refers to entry5.o(.ARM.Collect$$$$00000004) for __main_after_scatterload
    depilogue.o(.text) refers to depilogue.o(i.__ARM_clz) for __ARM_clz
    depilogue.o(.text) refers to llshl.o(.text) for __aeabi_llsl
    depilogue.o(.text) refers to llushr.o(.text) for __aeabi_llsr


==============================================================================

Removing Unused input sections from the image.

    Removing main.o(.emb_text), (8 bytes).
    Removing buttons.o(.emb_text), (8 bytes).
    Removing myadc.o(.emb_text), (8 bytes).
    Removing myserial.o(.emb_text), (8 bytes).
    Removing myserial.o(.text), (908 bytes).
    Removing myserial.o(.bss), (304 bytes).
    Removing myserial.o(.data), (8 bytes).
    Removing relaythread.o(.emb_text), (8 bytes).
    Removing retarget.o(.emb_text), (8 bytes).
    Removing retarget.o(.text), (36 bytes).
    Removing retarget.o(.data), (4 bytes).
    Removing retarget.o(.data), (4 bytes).
    Removing piezothread.o(.emb_text), (8 bytes).
    Removing fuse.o(.emb_text), (8 bytes).
    Removing ledthread.o(.emb_text), (8 bytes).
    Removing board.o(.emb_text), (8 bytes).
    Removing chschd.o(.emb_text), (8 bytes).
    Removing chsem.o(.text), (500 bytes).
    Removing chsys.o(.emb_text), (8 bytes).
    Removing chcond.o(.text), (420 bytes).
    Removing chmboxes.o(.text), (568 bytes).
    Removing chmsg.o(.text), (108 bytes).
    Removing chregistry.o(.text), (52 bytes).
    Removing memstreams.o(.text), (104 bytes).
    Removing memstreams.o(.constdata), (8 bytes).
    Removing shell.o(.emb_text), (8 bytes).
    Removing shell.o(.text), (1480 bytes).
    Removing shell.o(.conststring), (13 bytes).
    Removing shell.o(.data), (28 bytes).
    Removing evtimer.o(.text), (72 bytes).
    Removing chprintf.o(.text), (664 bytes).
    Removing hal.o(.emb_text), (8 bytes).
    Removing pal.o(.emb_text), (8 bytes).
    Removing pal.o(.text), (46 bytes).
    Removing serial.o(.emb_text), (8 bytes).
    Removing spi.o(.emb_text), (8 bytes).
    Removing gpt.o(.emb_text), (8 bytes).
    Removing gpt_lld.o(.emb_text), (8 bytes).
    Removing hal_lld.o(.emb_text), (8 bytes).
    Removing pal_lld.o(.emb_text), (8 bytes).
    Removing serial_lld.o(.emb_text), (8 bytes).
    Removing spi_lld.o(.emb_text), (8 bytes).
    Removing iap_driver.o(.emb_text), (8 bytes).
    Removing system.o(.emb_text), (8 bytes).
    Removing cstartup.o(HEAP), (1024 bytes).
    Removing dadd.o(.text), (356 bytes).
    Removing dmul.o(.text), (208 bytes).
    Removing ddiv.o(.text), (240 bytes).
    Removing dfixul.o(.text), (64 bytes).
    Removing cdrcmple.o(.text), (40 bytes).
    Removing depilogue.o(.text), (192 bytes).
    Removing depilogue.o(i.__ARM_clz), (46 bytes).

52 unused section(s) (total 7697 bytes) removed from the image.

==============================================================================

Image Symbol Table

    Local Symbols

    Symbol Name                              Value     Ov Type        Size  Object(Section)

    RESET                                    0x00000000   Section      192  vectors.o(RESET)
    ../clib/microlib/ctype/tolower.c         0x00000000   Number         0  tolower.o ABSOLUTE
    ../clib/microlib/division.c              0x00000000   Number         0  uidiv.o ABSOLUTE
    ../clib/microlib/division.c              0x00000000   Number         0  uldiv.o ABSOLUTE
    ../clib/microlib/division.c              0x00000000   Number         0  idiv.o ABSOLUTE
    ../clib/microlib/init/entry.s            0x00000000   Number         0  entry11b.o ABSOLUTE
    ../clib/microlib/init/entry.s            0x00000000   Number         0  entry10b.o ABSOLUTE
    ../clib/microlib/init/entry.s            0x00000000   Number         0  entry8a.o ABSOLUTE
    ../clib/microlib/init/entry.s            0x00000000   Number         0  entry7b.o ABSOLUTE
    ../clib/microlib/init/entry.s            0x00000000   Number         0  entry2.o ABSOLUTE
    ../clib/microlib/init/entry.s            0x00000000   Number         0  entry5.o ABSOLUTE
    ../clib/microlib/init/entry.s            0x00000000   Number         0  entry7a.o ABSOLUTE
    ../clib/microlib/init/entry.s            0x00000000   Number         0  entry.o ABSOLUTE
    ../clib/microlib/init/entry.s            0x00000000   Number         0  entry10a.o ABSOLUTE
    ../clib/microlib/init/entry.s            0x00000000   Number         0  entry9b.o ABSOLUTE
    ../clib/microlib/init/entry.s            0x00000000   Number         0  entry11a.o ABSOLUTE
    ../clib/microlib/init/entry.s            0x00000000   Number         0  entry9a.o ABSOLUTE
    ../clib/microlib/init/entry.s            0x00000000   Number         0  entry8b.o ABSOLUTE
    ../clib/microlib/longlong.c              0x00000000   Number         0  llsshr.o ABSOLUTE
    ../clib/microlib/longlong.c              0x00000000   Number         0  llushr.o ABSOLUTE
    ../clib/microlib/longlong.c              0x00000000   Number         0  llshl.o ABSOLUTE
    ../clib/microlib/printf/printf.c         0x00000000   Number         0  printf0.o ABSOLUTE
    ../clib/microlib/printf/printf.c         0x00000000   Number         0  printf1.o ABSOLUTE
    ../clib/microlib/printf/printf.c         0x00000000   Number         0  printfa.o ABSOLUTE
    ../clib/microlib/printf/printf.c         0x00000000   Number         0  printf2.o ABSOLUTE
    ../clib/microlib/printf/printf.c         0x00000000   Number         0  printf3.o ABSOLUTE
    ../clib/microlib/printf/printf.c         0x00000000   Number         0  printf4.o ABSOLUTE
    ../clib/microlib/printf/printf.c         0x00000000   Number         0  printf5.o ABSOLUTE
    ../clib/microlib/printf/printf.c         0x00000000   Number         0  printf6.o ABSOLUTE
    ../clib/microlib/printf/printf.c         0x00000000   Number         0  printfb.o ABSOLUTE
    ../clib/microlib/printf/printf.c         0x00000000   Number         0  printf7.o ABSOLUTE
    ../clib/microlib/printf/printf.c         0x00000000   Number         0  printf8.o ABSOLUTE
    ../clib/microlib/printf/stubs.s          0x00000000   Number         0  stubs.o ABSOLUTE
    ../clib/microlib/string/memcpy.c         0x00000000   Number         0  memcpya.o ABSOLUTE
    ../clib/microlib/string/memcpy.c         0x00000000   Number         0  memcpyb.o ABSOLUTE
    ../clib/microlib/string/strcasecmp.c     0x00000000   Number         0  strcasecmp.o ABSOLUTE
    ../clib/microlib/string/strpbrk.c        0x00000000   Number         0  strpbrk.o ABSOLUTE
    ../clib/microlib/string/strspn.c         0x00000000   Number         0  strspn.o ABSOLUTE
    ../clib/microlib/stubs.s                 0x00000000   Number         0  useno.o ABSOLUTE
    ../clib/microlib/stubs.s                 0x00000000   Number         0  iusefp.o ABSOLUTE
    ../fplib/microlib/fpadd.c                0x00000000   Number         0  dadd.o ABSOLUTE
    ../fplib/microlib/fpadd.c                0x00000000   Number         0  fadd.o ABSOLUTE
    ../fplib/microlib/fpdiv.c                0x00000000   Number         0  ddiv.o ABSOLUTE
    ../fplib/microlib/fpepilogue.c           0x00000000   Number         0  depilogue.o ABSOLUTE
    ../fplib/microlib/fpepilogue.c           0x00000000   Number         0  fepilogue.o ABSOLUTE
    ../fplib/microlib/fpfix.c                0x00000000   Number         0  dfixul.o ABSOLUTE
    ../fplib/microlib/fpfix.c                0x00000000   Number         0  ffixi.o ABSOLUTE
    ../fplib/microlib/fpflt.c                0x00000000   Number         0  ffltui.o ABSOLUTE
    ../fplib/microlib/fpflt.c                0x00000000   Number         0  fflti.o ABSOLUTE
    ../fplib/microlib/fpmul.c                0x00000000   Number         0  dmul.o ABSOLUTE
    ../fplib/microlib/fpmul.c                0x00000000   Number         0  fmul.o ABSOLUTE
    ..\\conf\\board.c                        0x00000000   Number         0  board.o ABSOLUTE
    ..\\os\\hal\\platforms\\LPC11xx\\gpt_lld.c 0x00000000   Number         0  gpt_lld.o ABSOLUTE
    ..\\os\\hal\\platforms\\LPC11xx\\hal_lld.c 0x00000000   Number         0  hal_lld.o ABSOLUTE
    ..\\os\\hal\\platforms\\LPC11xx\\iap_driver.c 0x00000000   Number         0  iap_driver.o ABSOLUTE
    ..\\os\\hal\\platforms\\LPC11xx\\pal_lld.c 0x00000000   Number         0  pal_lld.o ABSOLUTE
    ..\\os\\hal\\platforms\\LPC11xx\\serial_lld.c 0x00000000   Number         0  serial_lld.o ABSOLUTE
    ..\\os\\hal\\platforms\\LPC11xx\\spi_lld.c 0x00000000   Number         0  spi_lld.o ABSOLUTE
    ..\\os\\hal\\platforms\\LPC11xx\\system.c 0x00000000   Number         0  system.o ABSOLUTE
    ..\\os\\hal\\src\\gpt.c                  0x00000000   Number         0  gpt.o ABSOLUTE
    ..\\os\\hal\\src\\hal.c                  0x00000000   Number         0  hal.o ABSOLUTE
    ..\\os\\hal\\src\\pal.c                  0x00000000   Number         0  pal.o ABSOLUTE
    ..\\os\\hal\\src\\serial.c               0x00000000   Number         0  serial.o ABSOLUTE
    ..\\os\\hal\\src\\spi.c                  0x00000000   Number         0  spi.o ABSOLUTE
    ..\\os\\kernel\\src\\chschd.c            0x00000000   Number         0  chschd.o ABSOLUTE
    ..\\os\\kernel\\src\\chsys.c             0x00000000   Number         0  chsys.o ABSOLUTE
    ..\\os\\ports\\RVCT\\ARMCMx\\LPC11xx\\vectors.s 0x00000000   Number         0  vectors.o ABSOLUTE
    ..\\os\\ports\\RVCT\\ARMCMx\\chcoreasm_v6m.s 0x00000000   Number         0  chcoreasm_v6m.o ABSOLUTE
    ..\\os\\ports\\RVCT\\ARMCMx\\cstartup.s  0x00000000   Number         0  cstartup.o ABSOLUTE
    ..\\os\\various\\shell.c                 0x00000000   Number         0  shell.o ABSOLUTE
    ..\\user\\Fuse.c                         0x00000000   Number         0  fuse.o ABSOLUTE
    ..\\user\\LedThread.c                    0x00000000   Number         0  ledthread.o ABSOLUTE
    ..\\user\\PiezoThread.c                  0x00000000   Number         0  piezothread.o ABSOLUTE
    ..\\user\\RelayThread.c                  0x00000000   Number         0  relaythread.o ABSOLUTE
    ..\\user\\Retarget.c                     0x00000000   Number         0  retarget.o ABSOLUTE
    ..\\user\\buttons.c                      0x00000000   Number         0  buttons.o ABSOLUTE
    ..\\user\\main.c                         0x00000000   Number         0  main.o ABSOLUTE
    ..\\user\\myADC.c                        0x00000000   Number         0  myadc.o ABSOLUTE
    ..\\user\\mySerial.c                     0x00000000   Number         0  myserial.o ABSOLUTE
    ..\conf\board.c                          0x00000000   Number         0  board.o ABSOLUTE
    ..\os\hal\platforms\LPC11xx\gpt_lld.c    0x00000000   Number         0  gpt_lld.o ABSOLUTE
    ..\os\hal\platforms\LPC11xx\hal_lld.c    0x00000000   Number         0  hal_lld.o ABSOLUTE
    ..\os\hal\platforms\LPC11xx\iap_driver.c 0x00000000   Number         0  iap_driver.o ABSOLUTE
    ..\os\hal\platforms\LPC11xx\pal_lld.c    0x00000000   Number         0  pal_lld.o ABSOLUTE
    ..\os\hal\platforms\LPC11xx\serial_lld.c 0x00000000   Number         0  serial_lld.o ABSOLUTE
    ..\os\hal\platforms\LPC11xx\spi_lld.c    0x00000000   Number         0  spi_lld.o ABSOLUTE
    ..\os\hal\platforms\LPC11xx\system.c     0x00000000   Number         0  system.o ABSOLUTE
    ..\os\hal\src\gpt.c                      0x00000000   Number         0  gpt.o ABSOLUTE
    ..\os\hal\src\hal.c                      0x00000000   Number         0  hal.o ABSOLUTE
    ..\os\hal\src\pal.c                      0x00000000   Number         0  pal.o ABSOLUTE
    ..\os\hal\src\serial.c                   0x00000000   Number         0  serial.o ABSOLUTE
    ..\os\hal\src\spi.c                      0x00000000   Number         0  spi.o ABSOLUTE
    ..\os\kernel\src\chcond.c                0x00000000   Number         0  chcond.o ABSOLUTE
    ..\os\kernel\src\chdebug.c               0x00000000   Number         0  chdebug.o ABSOLUTE
    ..\os\kernel\src\chdynamic.c             0x00000000   Number         0  chdynamic.o ABSOLUTE
    ..\os\kernel\src\chevents.c              0x00000000   Number         0  chevents.o ABSOLUTE
    ..\os\kernel\src\chheap.c                0x00000000   Number         0  chheap.o ABSOLUTE
    ..\os\kernel\src\chlists.c               0x00000000   Number         0  chlists.o ABSOLUTE
    ..\os\kernel\src\chmboxes.c              0x00000000   Number         0  chmboxes.o ABSOLUTE
    ..\os\kernel\src\chmemcore.c             0x00000000   Number         0  chmemcore.o ABSOLUTE
    ..\os\kernel\src\chmempools.c            0x00000000   Number         0  chmempools.o ABSOLUTE
    ..\os\kernel\src\chmsg.c                 0x00000000   Number         0  chmsg.o ABSOLUTE
    ..\os\kernel\src\chmtx.c                 0x00000000   Number         0  chmtx.o ABSOLUTE
    ..\os\kernel\src\chqueues.c              0x00000000   Number         0  chqueues.o ABSOLUTE
    ..\os\kernel\src\chregistry.c            0x00000000   Number         0  chregistry.o ABSOLUTE
    ..\os\kernel\src\chschd.c                0x00000000   Number         0  chschd.o ABSOLUTE
    ..\os\kernel\src\chsem.c                 0x00000000   Number         0  chsem.o ABSOLUTE
    ..\os\kernel\src\chsys.c                 0x00000000   Number         0  chsys.o ABSOLUTE
    ..\os\kernel\src\chthreads.c             0x00000000   Number         0  chthreads.o ABSOLUTE
    ..\os\kernel\src\chvt.c                  0x00000000   Number         0  chvt.o ABSOLUTE
    ..\os\ports\RVCT\ARMCMx\chcore.c         0x00000000   Number         0  chcore.o ABSOLUTE
    ..\os\ports\RVCT\ARMCMx\chcore_v6m.c     0x00000000   Number         0  chcore_v6m.o ABSOLUTE
    ..\os\ports\common\ARMCMx\nvic.c         0x00000000   Number         0  nvic.o ABSOLUTE
    ..\os\various\chprintf.c                 0x00000000   Number         0  chprintf.o ABSOLUTE
    ..\os\various\evtimer.c                  0x00000000   Number         0  evtimer.o ABSOLUTE
    ..\os\various\memstreams.c               0x00000000   Number         0  memstreams.o ABSOLUTE
    ..\os\various\shell.c                    0x00000000   Number         0  shell.o ABSOLUTE
    ..\user\Fuse.c                           0x00000000   Number         0  fuse.o ABSOLUTE
    ..\user\LUT.c                            0x00000000   Number         0  lut.o ABSOLUTE
    ..\user\LedThread.c                      0x00000000   Number         0  ledthread.o ABSOLUTE
    ..\user\PiezoThread.c                    0x00000000   Number         0  piezothread.o ABSOLUTE
    ..\user\RelayThread.c                    0x00000000   Number         0  relaythread.o ABSOLUTE
    ..\user\Retarget.c                       0x00000000   Number         0  retarget.o ABSOLUTE
    ..\user\buttons.c                        0x00000000   Number         0  buttons.o ABSOLUTE
    ..\user\main.c                           0x00000000   Number         0  main.o ABSOLUTE
    ..\user\myADC.c                          0x00000000   Number         0  myadc.o ABSOLUTE
    ..\user\mySerial.c                       0x00000000   Number         0  myserial.o ABSOLUTE
    ..\user\xIFO.c                           0x00000000   Number         0  xifo.o ABSOLUTE
    cdrcmple.s                               0x00000000   Number         0  cdrcmple.o ABSOLUTE
    dc.s                                     0x00000000   Number         0  dc.o ABSOLUTE
    handlers.s                               0x00000000   Number         0  handlers.o ABSOLUTE
    init.s                                   0x00000000   Number         0  init.o ABSOLUTE
    .ARM.Collect$$$$00000000                 0x000000c0   Section        0  entry.o(.ARM.Collect$$$$00000000)
    .ARM.Collect$$$$00000001                 0x000000c0   Section        4  entry2.o(.ARM.Collect$$$$00000001)
    .ARM.Collect$$$$00000004                 0x000000c4   Section        4  entry5.o(.ARM.Collect$$$$00000004)
    .ARM.Collect$$$$00000008                 0x000000c8   Section        0  entry7b.o(.ARM.Collect$$$$00000008)
    .ARM.Collect$$$$0000000A                 0x000000c8   Section        0  entry8b.o(.ARM.Collect$$$$0000000A)
    .ARM.Collect$$$$0000000B                 0x000000c8   Section        8  entry9a.o(.ARM.Collect$$$$0000000B)
    .ARM.Collect$$$$0000000D                 0x000000d0   Section        0  entry10a.o(.ARM.Collect$$$$0000000D)
    .ARM.Collect$$$$0000000F                 0x000000d0   Section        0  entry11a.o(.ARM.Collect$$$$0000000F)
    .ARM.Collect$$$$00002712                 0x000000d0   Section        4  entry2.o(.ARM.Collect$$$$00002712)
    __lit__00000000                          0x000000d0   Data           4  entry2.o(.ARM.Collect$$$$00002712)
    .text                                    0x000000d4   Section        0  main.o(.text)
    .text                                    0x000001d8   Section        0  buttons.o(.text)
    ButtonThread                             0x000001d9   Thumb Code   324  buttons.o(.text)
    .text                                    0x00000344   Section        0  myadc.o(.text)
    .text                                    0x00000548   Section        0  xifo.o(.text)
    .text                                    0x0000069c   Section        0  relaythread.o(.text)
    RelayThread                              0x0000069d   Thumb Code    52  relaythread.o(.text)
    .text                                    0x00000714   Section        0  lut.o(.text)
    .text                                    0x00000728   Section        0  piezothread.o(.text)
    PiezoThread                              0x00000729   Thumb Code   242  piezothread.o(.text)
    .text                                    0x00000858   Section        0  fuse.o(.text)
    SignalAnalysis                           0x00000859   Thumb Code   528  fuse.o(.text)
    ADC_Fetcher                              0x00000a69   Thumb Code   236  fuse.o(.text)
    .text                                    0x00000bdc   Section        0  ledthread.o(.text)
    LedThread                                0x00000bdd   Thumb Code   254  ledthread.o(.text)
    .text                                    0x00000d18   Section        0  board.o(.text)
    .text                                    0x00000d8c   Section        0  chschd.o(.text)
    wakeup                                   0x00000ded   Thumb Code    76  chschd.o(.text)
    .text                                    0x00000fa4   Section        0  chsys.o(.text)
    .text                                    0x00001088   Section        0  chthreads.o(.text)
    .text                                    0x000012f4   Section        0  chvt.o(.text)
    .text                                    0x00001384   Section        0  chmemcore.o(.text)
    .text                                    0x000013ec   Section        0  chdynamic.o(.text)
    .text                                    0x000014f8   Section        0  chevents.o(.text)
    .text                                    0x00001784   Section        0  chheap.o(.text)
    .text                                    0x000018dc   Section        0  chmempools.o(.text)
    .text                                    0x00001940   Section        0  chmtx.o(.text)
    .text                                    0x00001b48   Section        0  chqueues.o(.text)
    .text                                    0x00001e4c   Section        0  hal.o(.text)
    .text                                    0x00001e70   Section        0  serial.o(.text)
    writes                                   0x00001e71   Thumb Code    14  serial.o(.text)
    reads                                    0x00001e7f   Thumb Code    14  serial.o(.text)
    putwouldblock                            0x00001e8d   Thumb Code    14  serial.o(.text)
    getwouldblock                            0x00001e9b   Thumb Code    14  serial.o(.text)
    putt                                     0x00001ea9   Thumb Code    10  serial.o(.text)
    gett                                     0x00001eb3   Thumb Code    10  serial.o(.text)
    writet                                   0x00001ebd   Thumb Code    10  serial.o(.text)
    readt                                    0x00001ec7   Thumb Code    10  serial.o(.text)
    getflags                                 0x00001ed1   Thumb Code    14  serial.o(.text)
    .text                                    0x00001fb8   Section        0  spi.o(.text)
    .text                                    0x000020f0   Section        0  gpt.o(.text)
    .text                                    0x00002190   Section        0  gpt_lld.o(.text)
    .text                                    0x00002404   Section        0  hal_lld.o(.text)
    .text                                    0x00002490   Section        0  pal_lld.o(.text)
    .text                                    0x00002518   Section        0  serial_lld.o(.text)
    notify1                                  0x00002519   Thumb Code    62  serial_lld.o(.text)
    .text                                    0x0000273c   Section        0  spi_lld.o(.text)
    ssp_fifo_preload                         0x00002923   Thumb Code    76  spi_lld.o(.text)
    .text                                    0x00002988   Section        0  iap_driver.o(.text)
    .text                                    0x00002a2c   Section        0  system.o(.text)
    .text                                    0x00002b50   Section        0  nvic.o(.text)
    .text                                    0x00002bec   Section        0  chcore.o(.text)
    .text                                    0x00002bf0   Section        0  chcore_v6m.o(.text)
    .text                                    0x00002c8c   Section       60  chcoreasm_v6m.o(.text)
    .text                                    0x00002cc8   Section       36  cstartup.o(.text)
    .text                                    0x00002cec   Section        4  vectors.o(.text)
    .text                                    0x00002cf0   Section        0  uidiv.o(.text)
    .text                                    0x00002d1c   Section        0  idiv.o(.text)
    .text                                    0x00002d44   Section        0  fadd.o(.text)
    .text                                    0x00002df6   Section        0  fmul.o(.text)
    .text                                    0x00002e70   Section        0  fflti.o(.text)
    .text                                    0x00002e86   Section        0  ffltui.o(.text)
    .text                                    0x00002e94   Section        0  ffixi.o(.text)
    .text                                    0x00002ec6   Section        0  fepilogue.o(.text)
    .text                                    0x00002ec6   Section        0  iusefp.o(.text)
    .text                                    0x00002f4c   Section       36  init.o(.text)
    i.__scatterload_copy                     0x00002f70   Section       14  handlers.o(i.__scatterload_copy)
    i.__scatterload_null                     0x00002f7e   Section        2  handlers.o(i.__scatterload_null)
    i.__scatterload_zeroinit                 0x00002f80   Section       14  handlers.o(i.__scatterload_zeroinit)
    .constdata                               0x00002f90   Section       20  main.o(.constdata)
    .constdata                               0x00002fa4   Section     1020  lut.o(.constdata)
    .constdata                               0x000033a0   Section       32  board.o(.constdata)
    .constdata                               0x000033c0   Section       22  chregistry.o(.constdata)
    .constdata                               0x000033d8   Section       36  serial.o(.constdata)
    vmt                                      0x000033d8   Data          36  serial.o(.constdata)
    .constdata                               0x000033fc   Section       12  serial_lld.o(.constdata)
    default_config                           0x000033fc   Data          12  serial_lld.o(.constdata)
    .data                                    0x10000000   Section       12  main.o(.data)
    .data                                    0x1000000c   Section       16  myadc.o(.data)
    regval                                   0x10000014   Data           4  myadc.o(.data)
    .data                                    0x1000001c   Section        8  relaythread.o(.data)
    .data                                    0x10000024   Section        4  piezothread.o(.data)
    .data                                    0x10000028   Section       88  fuse.o(.data)
    time                                     0x10000028   Data           4  fuse.o(.data)
    time_inc                                 0x1000002c   Data           4  fuse.o(.data)
    time_test                                0x10000030   Data           4  fuse.o(.data)
    y                                        0x10000034   Data           4  fuse.o(.data)
    y0                                       0x10000038   Data           4  fuse.o(.data)
    y1                                       0x1000003c   Data           4  fuse.o(.data)
    yl                                       0x10000040   Data           4  fuse.o(.data)
    fmas                                     0x10000044   Data           4  fuse.o(.data)
    fma                                      0x10000048   Data           4  fuse.o(.data)
    lsp                                      0x1000004c   Data           4  fuse.o(.data)
    hsp                                      0x10000050   Data           4  fuse.o(.data)
    AD1_avg                                  0x10000054   Data           4  fuse.o(.data)
    AD1_sum                                  0x10000058   Data           4  fuse.o(.data)
    AD6_avg                                  0x1000005c   Data           4  fuse.o(.data)
    AD6_sum                                  0x10000060   Data           4  fuse.o(.data)
    sensitivity                              0x10000064   Data           4  fuse.o(.data)
    delay_reload                             0x10000068   Data           4  fuse.o(.data)
    delay                                    0x1000006c   Data           4  fuse.o(.data)
    delay_rise                               0x10000070   Data           4  fuse.o(.data)
    blow                                     0x10000074   Data           4  fuse.o(.data)
    .data                                    0x10000080   Section        4  ledthread.o(.data)
    .data                                    0x10000084   Section        8  chmemcore.o(.data)
    nextmem                                  0x10000084   Data           4  chmemcore.o(.data)
    endmem                                   0x10000088   Data           4  chmemcore.o(.data)
    .data                                    0x1000008c   Section        4  system.o(.data)
    .bss                                     0x10000090   Section       36  myadc.o(.bss)
    .bss                                     0x100000b8   Section      304  relaythread.o(.bss)
    .bss                                     0x100001e8   Section      304  piezothread.o(.bss)
    .bss                                     0x10000318   Section     2540  fuse.o(.bss)
    .bss                                     0x10000d08   Section      304  ledthread.o(.bss)
    .bss                                     0x10000e38   Section       16  board.o(.bss)
    .bss                                     0x10000e48   Section       32  chschd.o(.bss)
    .bss                                     0x10000e68   Section      264  chsys.o(.bss)
    mainthread                               0x10000e68   Data          72  chsys.o(.bss)
    .bss                                     0x10000f70   Section       16  chvt.o(.bss)
    .bss                                     0x10000f80   Section       32  chheap.o(.bss)
    default_heap                             0x10000f80   Data          32  chheap.o(.bss)
    .bss                                     0x10000fa0   Section       48  gpt_lld.o(.bss)
    .bss                                     0x10000fd0   Section      116  serial_lld.o(.bss)
    .bss                                     0x10001044   Section       48  spi_lld.o(.bss)
    CSTACK                                   0x10001078   Section     1024  cstartup.o(CSTACK)
    MSTACK                                   0x10001478   Section     1024  cstartup.o(MSTACK)

    Global Symbols

    Symbol Name                              Value     Ov Type        Size  Object(Section)

    BuildAttributes$$THM_ISAv3M$S$PE$A:L22$X:L11$S22$IEEE1$IW$USESV6$~STKCKD$USESV7$~SHL$OTIME$ROPI$EBA8$MICROLIB$REQ8$PRES8$EABIv2 0x00000000   Number         0  anon$$obj.o ABSOLUTE
    __ARM_use_no_argv                        0x00000000   Number         0  main.o ABSOLUTE
    __Vectors                                0x00000000   Data           0  vectors.o(RESET)
    __use_no_errno                           0x00000000   Number         0  useno.o ABSOLUTE
    __use_no_exception_handling              0x00000000   Number         0  useno.o ABSOLUTE
    __use_no_fp                              0x00000000   Number         0  useno.o ABSOLUTE
    __use_no_heap                            0x00000000   Number         0  useno.o ABSOLUTE
    __use_no_heap_region                     0x00000000   Number         0  useno.o ABSOLUTE
    __use_no_semihosting                     0x00000000   Number         0  useno.o ABSOLUTE
    __use_no_semihosting_swi                 0x00000000   Number         0  useno.o ABSOLUTE
    __use_no_signal_handling                 0x00000000   Number         0  useno.o ABSOLUTE
    _printf_a                                0x00000000   Number         0  stubs.o ABSOLUTE
    _printf_c                                0x00000000   Number         0  stubs.o ABSOLUTE
    _printf_charcount                        0x00000000   Number         0  stubs.o ABSOLUTE
    _printf_d                                0x00000000   Number         0  stubs.o ABSOLUTE
    _printf_e                                0x00000000   Number         0  stubs.o ABSOLUTE
    _printf_f                                0x00000000   Number         0  stubs.o ABSOLUTE
    _printf_flags                            0x00000000   Number         0  stubs.o ABSOLUTE
    _printf_fp_dec                           0x00000000   Number         0  stubs.o ABSOLUTE
    _printf_fp_hex                           0x00000000   Number         0  stubs.o ABSOLUTE
    _printf_g                                0x00000000   Number         0  stubs.o ABSOLUTE
    _printf_i                                0x00000000   Number         0  stubs.o ABSOLUTE
    _printf_int_dec                          0x00000000   Number         0  stubs.o ABSOLUTE
    _printf_l                                0x00000000   Number         0  stubs.o ABSOLUTE
    _printf_lc                               0x00000000   Number         0  stubs.o ABSOLUTE
    _printf_ll                               0x00000000   Number         0  stubs.o ABSOLUTE
    _printf_lld                              0x00000000   Number         0  stubs.o ABSOLUTE
    _printf_lli                              0x00000000   Number         0  stubs.o ABSOLUTE
    _printf_llo                              0x00000000   Number         0  stubs.o ABSOLUTE
    _printf_llu                              0x00000000   Number         0  stubs.o ABSOLUTE
    _printf_llx                              0x00000000   Number         0  stubs.o ABSOLUTE
    _printf_longlong_dec                     0x00000000   Number         0  stubs.o ABSOLUTE
    _printf_longlong_hex                     0x00000000   Number         0  stubs.o ABSOLUTE
    _printf_longlong_oct                     0x00000000   Number         0  stubs.o ABSOLUTE
    _printf_ls                               0x00000000   Number         0  stubs.o ABSOLUTE
    _printf_mbtowc                           0x00000000   Number         0  stubs.o ABSOLUTE
    _printf_n                                0x00000000   Number         0  stubs.o ABSOLUTE
    _printf_o                                0x00000000   Number         0  stubs.o ABSOLUTE
    _printf_p                                0x00000000   Number         0  stubs.o ABSOLUTE
    _printf_percent                          0x00000000   Number         0  stubs.o ABSOLUTE
    _printf_pre_padding                      0x00000000   Number         0  stubs.o ABSOLUTE
    _printf_return_value                     0x00000000   Number         0  stubs.o ABSOLUTE
    _printf_s                                0x00000000   Number         0  stubs.o ABSOLUTE
    _printf_sizespec                         0x00000000   Number         0  stubs.o ABSOLUTE
    _printf_str                              0x00000000   Number         0  stubs.o ABSOLUTE
    _printf_truncate_signed                  0x00000000   Number         0  stubs.o ABSOLUTE
    _printf_truncate_unsigned                0x00000000   Number         0  stubs.o ABSOLUTE
    _printf_u                                0x00000000   Number         0  stubs.o ABSOLUTE
    _printf_wc                               0x00000000   Number         0  stubs.o ABSOLUTE
    _printf_wctomb                           0x00000000   Number         0  stubs.o ABSOLUTE
    _printf_widthprec                        0x00000000   Number         0  stubs.o ABSOLUTE
    _printf_x                                0x00000000   Number         0  stubs.o ABSOLUTE
    __cpp_initialize__aeabi_                  - Undefined Weak Reference
    __cxa_finalize                            - Undefined Weak Reference
    __decompress                              - Undefined Weak Reference
    _clock_init                               - Undefined Weak Reference
    _microlib_exit                            - Undefined Weak Reference
    __main                                   0x000000c1   Thumb Code     0  entry.o(.ARM.Collect$$$$00000000)
    _main_stk                                0x000000c1   Thumb Code     0  entry2.o(.ARM.Collect$$$$00000001)
    _main_scatterload                        0x000000c5   Thumb Code     0  entry5.o(.ARM.Collect$$$$00000004)
    __main_after_scatterload                 0x000000c9   Thumb Code     0  entry5.o(.ARM.Collect$$$$00000004)
    _main_clock                              0x000000c9   Thumb Code     0  entry7b.o(.ARM.Collect$$$$00000008)
    _main_cpp_init                           0x000000c9   Thumb Code     0  entry8b.o(.ARM.Collect$$$$0000000A)
    _main_init                               0x000000c9   Thumb Code     0  entry9a.o(.ARM.Collect$$$$0000000B)
    __rt_final_cpp                           0x000000d1   Thumb Code     0  entry10a.o(.ARM.Collect$$$$0000000D)
    __rt_final_exit                          0x000000d1   Thumb Code     0  entry11a.o(.ARM.Collect$$$$0000000F)
    button_hold                              0x000000d5   Thumb Code   106  main.o(.text)
    button_pressed                           0x0000013f   Thumb Code    36  main.o(.text)
    main                                     0x00000163   Thumb Code    96  main.o(.text)
    startButtonThread                        0x0000031d   Thumb Code    20  buttons.o(.text)
    ADC_IRQHandler                           0x00000345   Thumb Code    64  myadc.o(.text)
    ADCInit                                  0x00000385   Thumb Code   182  myadc.o(.text)
    countbits                                0x0000043b   Thumb Code    22  myadc.o(.text)
    ADCSetCallerThread                       0x00000451   Thumb Code     6  myadc.o(.text)
    ADCStartBurst                            0x00000457   Thumb Code   132  myadc.o(.text)
    ADCStartBurstFast                        0x000004db   Thumb Code    18  myadc.o(.text)
    ADCStop                                  0x000004ed   Thumb Code    20  myadc.o(.text)
    ADCSnapShot                              0x00000501   Thumb Code    32  myadc.o(.text)
    xifo_init                                0x00000549   Thumb Code    24  xifo.o(.text)
    xifo_clear                               0x00000561   Thumb Code    28  xifo.o(.text)
    xifo_read_lr                             0x0000057d   Thumb Code    48  xifo.o(.text)
    xifo_read_mr                             0x000005ad   Thumb Code    44  xifo.o(.text)
    xifo_pop_mr                              0x000005d9   Thumb Code    56  xifo.o(.text)
    xifo_pop_lr                              0x00000611   Thumb Code    74  xifo.o(.text)
    xifo_write                               0x0000065b   Thumb Code    46  xifo.o(.text)
    xifo_get_size                            0x00000689   Thumb Code     4  xifo.o(.text)
    xifo_get_used                            0x0000068d   Thumb Code     4  xifo.o(.text)
    xifo_get_free                            0x00000691   Thumb Code     8  xifo.o(.text)
    xifo_get_full                            0x00000699   Thumb Code     4  xifo.o(.text)
    startRelayThread                         0x000006d1   Thumb Code    26  relaythread.o(.text)
    relaySet                                 0x000006eb   Thumb Code    16  relaythread.o(.text)
    relayGet                                 0x000006fb   Thumb Code     6  relaythread.o(.text)
    conv_sens                                0x00000715   Thumb Code    14  lut.o(.text)
    startPiezoThread                         0x0000081b   Thumb Code    26  piezothread.o(.text)
    startFuse                                0x00000b55   Thumb Code    54  fuse.o(.text)
    startLedThread                           0x00000cdb   Thumb Code    26  ledthread.o(.text)
    __early_init                             0x00000d19   Thumb Code     8  board.o(.text)
    boardInit                                0x00000d21   Thumb Code    76  board.o(.text)
    _scheduler_init                          0x00000d8d   Thumb Code    22  chschd.o(.text)
    chSchReadyI                              0x00000da3   Thumb Code    30  chschd.o(.text)
    chSchGoSleepS                            0x00000dc1   Thumb Code    44  chschd.o(.text)
    chSchGoSleepTimeoutS                     0x00000e39   Thumb Code   116  chschd.o(.text)
    chSchWakeupS                             0x00000ead   Thumb Code    90  chschd.o(.text)
    chSchDoReschedule                        0x00000f07   Thumb Code    68  chschd.o(.text)
    chSchRescheduleS                         0x00000f4b   Thumb Code    76  chschd.o(.text)
    _idle_thread                             0x00000fa5   Thumb Code    26  chsys.o(.text)
    chSysInit                                0x00000fbf   Thumb Code    80  chsys.o(.text)
    chSysTimerHandlerI                       0x0000100f   Thumb Code    74  chsys.o(.text)
    _thread_init                             0x00001089   Thumb Code    52  chthreads.o(.text)
    _thread_memfill                          0x000010bd   Thumb Code    32  chthreads.o(.text)
    chThdCreateI                             0x000010dd   Thumb Code    76  chthreads.o(.text)
    chThdCreateStatic                        0x00001129   Thumb Code   152  chthreads.o(.text)
    chThdSetPriority                         0x000011c1   Thumb Code    36  chthreads.o(.text)
    chThdResume                              0x000011e5   Thumb Code    18  chthreads.o(.text)
    chThdTerminate                           0x000011f7   Thumb Code    14  chthreads.o(.text)
    chThdSleep                               0x00001205   Thumb Code    16  chthreads.o(.text)
    chThdSleepUntil                          0x00001215   Thumb Code    22  chthreads.o(.text)
    chThdYield                               0x0000122b   Thumb Code    26  chthreads.o(.text)
    chThdExitS                               0x00001245   Thumb Code    60  chthreads.o(.text)
    chThdExit                                0x00001281   Thumb Code    62  chthreads.o(.text)
    chThdWait                                0x000012bf   Thumb Code    42  chthreads.o(.text)
    _vt_init                                 0x000012f5   Thumb Code    18  chvt.o(.text)
    chVTSetI                                 0x00001307   Thumb Code    54  chvt.o(.text)
    chVTResetI                               0x0000133d   Thumb Code    34  chvt.o(.text)
    chTimeIsWithin                           0x0000135f   Thumb Code    34  chvt.o(.text)
    _core_init                               0x00001385   Thumb Code    20  chmemcore.o(.text)
    chCoreAllocI                             0x00001399   Thumb Code    28  chmemcore.o(.text)
    chCoreAlloc                              0x000013b5   Thumb Code    32  chmemcore.o(.text)
    chCoreStatus                             0x000013d5   Thumb Code    10  chmemcore.o(.text)
    chThdAddRef                              0x000013ed   Thumb Code    12  chdynamic.o(.text)
    chThdRelease                             0x000013f9   Thumb Code    80  chdynamic.o(.text)
    chThdCreateFromHeap                      0x00001449   Thumb Code    86  chdynamic.o(.text)
    chThdCreateFromMemoryPool                0x0000149f   Thumb Code    90  chdynamic.o(.text)
    chEvtRegisterMask                        0x000014f9   Thumb Code    20  chevents.o(.text)
    chEvtUnregister                          0x0000150d   Thumb Code    34  chevents.o(.text)
    chEvtClearFlags                          0x0000152f   Thumb Code    22  chevents.o(.text)
    chEvtAddFlags                            0x00001545   Thumb Code    18  chevents.o(.text)
    chEvtSignalFlagsI                        0x00001557   Thumb Code    42  chevents.o(.text)
    chEvtSignalFlags                         0x00001581   Thumb Code    52  chevents.o(.text)
    chEvtBroadcastFlagsI                     0x000015b5   Thumb Code    66  chevents.o(.text)
    chEvtBroadcastFlags                      0x000015f7   Thumb Code    74  chevents.o(.text)
    chEvtDispatch                            0x00001641   Thumb Code    42  chevents.o(.text)
    chEvtWaitOne                             0x0000166b   Thumb Code    42  chevents.o(.text)
    chEvtWaitAny                             0x00001695   Thumb Code    38  chevents.o(.text)
    chEvtWaitAll                             0x000016bb   Thumb Code    38  chevents.o(.text)
    chEvtWaitOneTimeout                      0x000016e1   Thumb Code    56  chevents.o(.text)
    chEvtWaitAnyTimeout                      0x00001719   Thumb Code    52  chevents.o(.text)
    chEvtWaitAllTimeout                      0x0000174d   Thumb Code    52  chevents.o(.text)
    _heap_init                               0x00001785   Thumb Code    22  chheap.o(.text)
    chHeapInit                               0x0000179b   Thumb Code    24  chheap.o(.text)
    chHeapAlloc                              0x000017b3   Thumb Code   128  chheap.o(.text)
    chHeapFree                               0x00001833   Thumb Code   102  chheap.o(.text)
    chHeapStatus                             0x00001899   Thumb Code    56  chheap.o(.text)
    chPoolInit                               0x000018dd   Thumb Code    16  chmempools.o(.text)
    chPoolAllocI                             0x000018ed   Thumb Code    30  chmempools.o(.text)
    chPoolAlloc                              0x0000190b   Thumb Code    32  chmempools.o(.text)
    chPoolFreeI                              0x0000192b   Thumb Code     8  chmempools.o(.text)
    chPoolFree                               0x00001933   Thumb Code    12  chmempools.o(.text)
    chMtxInit                                0x00001941   Thumb Code    10  chmtx.o(.text)
    chMtxLockS                               0x0000194b   Thumb Code   204  chmtx.o(.text)
    chMtxLock                                0x00001a17   Thumb Code    12  chmtx.o(.text)
    chMtxTryLockS                            0x00001a23   Thumb Code    30  chmtx.o(.text)
    chMtxTryLock                             0x00001a41   Thumb Code    34  chmtx.o(.text)
    chMtxUnlock                              0x00001a63   Thumb Code    82  chmtx.o(.text)
    chMtxUnlockS                             0x00001ab5   Thumb Code    76  chmtx.o(.text)
    chMtxUnlockAll                           0x00001b01   Thumb Code    68  chmtx.o(.text)
    chIQInit                                 0x00001b49   Thumb Code    26  chqueues.o(.text)
    chIQResetI                               0x00001b63   Thumb Code    44  chqueues.o(.text)
    chIQPutI                                 0x00001b8f   Thumb Code    70  chqueues.o(.text)
    chIQGetTimeout                           0x00001bd5   Thumb Code   100  chqueues.o(.text)
    chIQReadTimeout                          0x00001c39   Thumb Code   142  chqueues.o(.text)
    chOQInit                                 0x00001cc7   Thumb Code    20  chqueues.o(.text)
    chOQResetI                               0x00001cdb   Thumb Code    46  chqueues.o(.text)
    chOQPutTimeout                           0x00001d09   Thumb Code   110  chqueues.o(.text)
    chOQGetI                                 0x00001d77   Thumb Code    68  chqueues.o(.text)
    chOQWriteTimeout                         0x00001dbb   Thumb Code   142  chqueues.o(.text)
    halInit                                  0x00001e4d   Thumb Code    30  hal.o(.text)
    sdInit                                   0x00001edf   Thumb Code     8  serial.o(.text)
    sdObjectInit                             0x00001ee7   Thumb Code    54  serial.o(.text)
    sdStart                                  0x00001f1d   Thumb Code    18  serial.o(.text)
    sdStop                                   0x00001f2f   Thumb Code    38  serial.o(.text)
    sdIncomingDataI                          0x00001f55   Thumb Code    60  serial.o(.text)
    sdRequestDataI                           0x00001f91   Thumb Code    34  serial.o(.text)
    spiInit                                  0x00001fb9   Thumb Code     8  spi.o(.text)
    spiObjectInit                            0x00001fc1   Thumb Code    20  spi.o(.text)
    spiStart                                 0x00001fd5   Thumb Code    20  spi.o(.text)
    spiStop                                  0x00001fe9   Thumb Code    24  spi.o(.text)
    spiSelect                                0x00002001   Thumb Code    12  spi.o(.text)
    spiUnselect                              0x0000200d   Thumb Code    12  spi.o(.text)
    spiStartIgnore                           0x00002019   Thumb Code    16  spi.o(.text)
    spiStartExchange                         0x00002029   Thumb Code    16  spi.o(.text)
    spiStartSend                             0x00002039   Thumb Code    16  spi.o(.text)
    spiStartReceive                          0x00002049   Thumb Code    16  spi.o(.text)
    spiIgnore                                0x00002059   Thumb Code    32  spi.o(.text)
    spiExchange                              0x00002079   Thumb Code    32  spi.o(.text)
    spiSend                                  0x00002099   Thumb Code    32  spi.o(.text)
    spiReceive                               0x000020b9   Thumb Code    32  spi.o(.text)
    spiAcquireBus                            0x000020d9   Thumb Code    10  spi.o(.text)
    spiReleaseBus                            0x000020e3   Thumb Code     8  spi.o(.text)
    gptInit                                  0x000020f1   Thumb Code     8  gpt.o(.text)
    gptObjectInit                            0x000020f9   Thumb Code    10  gpt.o(.text)
    gptStart                                 0x00002103   Thumb Code    20  gpt.o(.text)
    gptStop                                  0x00002117   Thumb Code    18  gpt.o(.text)
    gptStartContinuousI                      0x00002129   Thumb Code    12  gpt.o(.text)
    gptStartContinuous                       0x00002135   Thumb Code    16  gpt.o(.text)
    gptStartOneShotI                         0x00002145   Thumb Code    12  gpt.o(.text)
    gptStartOneShot                          0x00002151   Thumb Code    16  gpt.o(.text)
    gptStopTimerI                            0x00002161   Thumb Code    12  gpt.o(.text)
    gptStopTimer                             0x0000216d   Thumb Code    16  gpt.o(.text)
    gptPolledDelay                           0x0000217d   Thumb Code    20  gpt.o(.text)
    gpt_lld_stop_timer                       0x00002191   Thumb Code    18  gpt_lld.o(.text)
    Vector80                                 0x000021a3   Thumb Code    50  gpt_lld.o(.text)
    Vector84                                 0x000021d5   Thumb Code    50  gpt_lld.o(.text)
    Vector88                                 0x00002207   Thumb Code    50  gpt_lld.o(.text)
    Vector8C                                 0x00002239   Thumb Code    50  gpt_lld.o(.text)
    gpt_lld_init                             0x0000226b   Thumb Code    52  gpt_lld.o(.text)
    gpt_lld_start                            0x0000229f   Thumb Code   140  gpt_lld.o(.text)
    gpt_lld_stop                             0x0000232b   Thumb Code   110  gpt_lld.o(.text)
    gpt_lld_start_timer                      0x00002399   Thumb Code    30  gpt_lld.o(.text)
    gpt_lld_polled_delay                     0x000023b7   Thumb Code    38  gpt_lld.o(.text)
    hal_lld_init                             0x00002405   Thumb Code    26  hal_lld.o(.text)
    lpc111x_clock_init                       0x0000241f   Thumb Code    82  hal_lld.o(.text)
    _pal_lld_init                            0x00002491   Thumb Code    50  pal_lld.o(.text)
    _pal_lld_setgroupmode                    0x000024c3   Thumb Code    54  pal_lld.o(.text)
    Vector94                                 0x00002557   Thumb Code   264  serial_lld.o(.text)
    sd_lld_init                              0x0000265f   Thumb Code    28  serial_lld.o(.text)
    sd_lld_start                             0x0000267b   Thumb Code   100  serial_lld.o(.text)
    sd_lld_stop                              0x000026df   Thumb Code    66  serial_lld.o(.text)
    Vector90                                 0x0000273d   Thumb Code   152  spi_lld.o(.text)
    spi_lld_init                             0x000027d5   Thumb Code    32  spi_lld.o(.text)
    spi_lld_start                            0x000027f5   Thumb Code    82  spi_lld.o(.text)
    spi_lld_stop                             0x00002847   Thumb Code    60  spi_lld.o(.text)
    spi_lld_select                           0x00002883   Thumb Code    18  spi_lld.o(.text)
    spi_lld_unselect                         0x00002895   Thumb Code    16  spi_lld.o(.text)
    spi_lld_ignore                           0x000028a5   Thumb Code    28  spi_lld.o(.text)
    spi_lld_exchange                         0x000028c1   Thumb Code    24  spi_lld.o(.text)
    spi_lld_send                             0x000028d9   Thumb Code    28  spi_lld.o(.text)
    spi_lld_receive                          0x000028f5   Thumb Code    28  spi_lld.o(.text)
    spi_lld_polled_exchange                  0x00002911   Thumb Code    18  spi_lld.o(.text)
    iap_init                                 0x00002989   Thumb Code    10  iap_driver.o(.text)
    iap_erase_sector                         0x00002993   Thumb Code    40  iap_driver.o(.text)
    iap_prepare_sector                       0x000029bb   Thumb Code    26  iap_driver.o(.text)
    iap_copy_ram_to_flash                    0x000029d5   Thumb Code    42  iap_driver.o(.text)
    iap_get_uid                              0x000029ff   Thumb Code    38  iap_driver.o(.text)
    GetCoreClock                             0x00002a2d   Thumb Code   218  system.o(.text)
    nvicEnableVector                         0x00002b51   Thumb Code    56  nvic.o(.text)
    nvicDisableVector                        0x00002b89   Thumb Code    46  nvic.o(.text)
    nvicSetSystemHandlerPriority             0x00002bb7   Thumb Code    32  nvic.o(.text)
    port_halt                                0x00002bed   Thumb Code     4  chcore.o(.text)
    _port_irq_epilogue                       0x00002bf1   Thumb Code    58  chcore_v6m.o(.text)
    SysTickVector                            0x00002c2b   Thumb Code    70  chcore_v6m.o(.text)
    NMIVector                                0x00002c71   Thumb Code    14  chcore_v6m.o(.text)
    _port_switch                             0x00002c8d   Thumb Code    32  chcoreasm_v6m.o(.text)
    _port_thread_start                       0x00002cad   Thumb Code    10  chcoreasm_v6m.o(.text)
    _port_switch_from_isr                    0x00002cb7   Thumb Code    14  chcoreasm_v6m.o(.text)
    _port_exit_from_isr                      0x00002cbb   Thumb Code     0  chcoreasm_v6m.o(.text)
    Reset_Handler                            0x00002cc9   Thumb Code    26  cstartup.o(.text)
    BusFaultVector                           0x00002ced   Thumb Code     0  vectors.o(.text)
    DebugMonitorVector                       0x00002ced   Thumb Code     0  vectors.o(.text)
    HardFaultVector                          0x00002ced   Thumb Code     0  vectors.o(.text)
    MemManageVector                          0x00002ced   Thumb Code     0  vectors.o(.text)
    PendSVVector                             0x00002ced   Thumb Code     0  vectors.o(.text)
    SVCallVector                             0x00002ced   Thumb Code     0  vectors.o(.text)
    UsageFaultVector                         0x00002ced   Thumb Code     0  vectors.o(.text)
    Vector1C                                 0x00002ced   Thumb Code     0  vectors.o(.text)
    Vector20                                 0x00002ced   Thumb Code     0  vectors.o(.text)
    Vector24                                 0x00002ced   Thumb Code     0  vectors.o(.text)
    Vector28                                 0x00002ced   Thumb Code     0  vectors.o(.text)
    Vector34                                 0x00002ced   Thumb Code     0  vectors.o(.text)
    Vector40                                 0x00002ced   Thumb Code     0  vectors.o(.text)
    Vector44                                 0x00002ced   Thumb Code     0  vectors.o(.text)
    Vector48                                 0x00002ced   Thumb Code     0  vectors.o(.text)
    Vector4C                                 0x00002ced   Thumb Code     0  vectors.o(.text)
    Vector50                                 0x00002ced   Thumb Code     0  vectors.o(.text)
    Vector54                                 0x00002ced   Thumb Code     0  vectors.o(.text)
    Vector58                                 0x00002ced   Thumb Code     0  vectors.o(.text)
    Vector5C                                 0x00002ced   Thumb Code     0  vectors.o(.text)
    Vector60                                 0x00002ced   Thumb Code     0  vectors.o(.text)
    Vector64                                 0x00002ced   Thumb Code     0  vectors.o(.text)
    Vector68                                 0x00002ced   Thumb Code     0  vectors.o(.text)
    Vector6C                                 0x00002ced   Thumb Code     0  vectors.o(.text)
    Vector70                                 0x00002ced   Thumb Code     0  vectors.o(.text)
    Vector74                                 0x00002ced   Thumb Code     0  vectors.o(.text)
    Vector78                                 0x00002ced   Thumb Code     0  vectors.o(.text)
    Vector7C                                 0x00002ced   Thumb Code     0  vectors.o(.text)
    Vector98                                 0x00002ced   Thumb Code     0  vectors.o(.text)
    Vector9C                                 0x00002ced   Thumb Code     0  vectors.o(.text)
    VectorA4                                 0x00002ced   Thumb Code     0  vectors.o(.text)
    VectorA8                                 0x00002ced   Thumb Code     0  vectors.o(.text)
    VectorAC                                 0x00002ced   Thumb Code     0  vectors.o(.text)
    VectorB0                                 0x00002ced   Thumb Code     0  vectors.o(.text)
    VectorB4                                 0x00002ced   Thumb Code     0  vectors.o(.text)
    VectorB8                                 0x00002ced   Thumb Code     0  vectors.o(.text)
    VectorBC                                 0x00002ced   Thumb Code     0  vectors.o(.text)
    _unhandled_exception                     0x00002ced   Thumb Code     4  vectors.o(.text)
    __aeabi_uidiv                            0x00002cf1   Thumb Code     0  uidiv.o(.text)
    __aeabi_uidivmod                         0x00002cf1   Thumb Code    44  uidiv.o(.text)
    __aeabi_idiv                             0x00002d1d   Thumb Code     0  idiv.o(.text)
    __aeabi_idivmod                          0x00002d1d   Thumb Code    40  idiv.o(.text)
    __aeabi_fadd                             0x00002d45   Thumb Code   162  fadd.o(.text)
    __aeabi_fsub                             0x00002de7   Thumb Code     8  fadd.o(.text)
    __aeabi_frsub                            0x00002def   Thumb Code     8  fadd.o(.text)
    __aeabi_fmul                             0x00002df7   Thumb Code   122  fmul.o(.text)
    __aeabi_i2f                              0x00002e71   Thumb Code    22  fflti.o(.text)
    __aeabi_ui2f                             0x00002e87   Thumb Code    14  ffltui.o(.text)
    __aeabi_f2iz                             0x00002e95   Thumb Code    50  ffixi.o(.text)
    __I$use$fp                               0x00002ec7   Thumb Code     0  iusefp.o(.text)
    _float_round                             0x00002ec7   Thumb Code    16  fepilogue.o(.text)
    _float_epilogue                          0x00002ed7   Thumb Code   116  fepilogue.o(.text)
    __scatterload                            0x00002f4d   Thumb Code    28  init.o(.text)
    __scatterload_rt2                        0x00002f4d   Thumb Code     0  init.o(.text)
    __scatterload_copy                       0x00002f71   Thumb Code    14  handlers.o(i.__scatterload_copy)
    __scatterload_null                       0x00002f7f   Thumb Code     2  handlers.o(i.__scatterload_null)
    __scatterload_zeroinit                   0x00002f81   Thumb Code    14  handlers.o(i.__scatterload_zeroinit)
    conv_sens_lut                            0x00002fa4   Data        1020  lut.o(.constdata)
    pal_default_config                       0x000033a0   Data          32  board.o(.constdata)
    ch_debug                                 0x000033c0   Data          22  chregistry.o(.constdata)
    Region$$Table$$Base                      0x00003408   Number         0  anon$$obj.o(Region$$Table)
    Region$$Table$$Limit                     0x00003428   Number         0  anon$$obj.o(Region$$Table)
    tpButtonThread                           0x10000000   Data           4  main.o(.data)
    config                                   0x10000004   Data           8  main.o(.data)
    EnabledADchMask                          0x1000000c   Data           1  myadc.o(.data)
    HighestEnabledADchMask                   0x1000000d   Data           1  myadc.o(.data)
    SingeShotBurstFlag                       0x1000000e   Data           1  myadc.o(.data)
    ADCStartBurst_CR                         0x10000010   Data           4  myadc.o(.data)
    callertp                                 0x10000018   Data           4  myadc.o(.data)
    relaystatus                              0x1000001c   Data           4  relaythread.o(.data)
    tpRelayThread                            0x10000020   Data           4  relaythread.o(.data)
    tpPiezoThread                            0x10000024   Data           4  piezothread.o(.data)
    tpADC_Fetcher                            0x10000078   Data           4  fuse.o(.data)
    tpSignalAnalysis                         0x1000007c   Data           4  fuse.o(.data)
    tpLedThread                              0x10000080   Data           4  ledthread.o(.data)
    CoreClock                                0x1000008c   Data           4  system.o(.data)
    ADCValue                                 0x10000090   Data          36  myadc.o(.bss)
    waRelayThread                            0x100000b8   Data         304  relaythread.o(.bss)
    waPiezoThread                            0x100001e8   Data         304  piezothread.o(.bss)
    waADC_Fetcher                            0x10000318   Data         432  fuse.o(.bss)
    waSignalAnalysis                         0x100004c8   Data         688  fuse.o(.bss)
    AD0_raw                                  0x10000778   Data          32  fuse.o(.bss)
    AD0_raw_pool                             0x10000798   Data         804  fuse.o(.bss)
    AD1_raw                                  0x10000abc   Data          32  fuse.o(.bss)
    AD1_raw_pool                             0x10000adc   Data         260  fuse.o(.bss)
    AD6_raw                                  0x10000be0   Data          32  fuse.o(.bss)
    AD6_raw_pool                             0x10000c00   Data         260  fuse.o(.bss)
    waLedThread                              0x10000d08   Data         304  ledthread.o(.bss)
    deviceId                                 0x10000e38   Data          16  board.o(.bss)
    rlist                                    0x10000e48   Data          32  chschd.o(.bss)
    _idle_thread_wa                          0x10000eb0   Data         192  chsys.o(.bss)
    vtlist                                   0x10000f70   Data          16  chvt.o(.bss)
    GPTD1                                    0x10000fa0   Data          12  gpt_lld.o(.bss)
    GPTD2                                    0x10000fac   Data          12  gpt_lld.o(.bss)
    GPTD3                                    0x10000fb8   Data          12  gpt_lld.o(.bss)
    GPTD4                                    0x10000fc4   Data          12  gpt_lld.o(.bss)
    SD1                                      0x10000fd0   Data         116  serial_lld.o(.bss)
    SPID1                                    0x10001044   Data          48  spi_lld.o(.bss)
    __main_thread_stack_base__               0x10001078   Data           0  cstartup.o(CSTACK)
    __initial_sp                             0x10001478   Data           0  cstartup.o(CSTACK)
    Image$$RW_IRAM1$$ZI$$Limit               0x10001878   Number         0  cstartup.o(MSTACK)
    __initial_msp                            0x10001878   Data           0  cstartup.o(MSTACK)
    Image$$RW_IRAM2$$Base                    0x10002000   Number         0  anon$$obj.o(linker$$defined$$symbols)



==============================================================================

Memory Map of the image

  Image Entry point : 0x000000c1

  Load Region LR_IROM1 (Base: 0x00000000, Size: 0x000034b8, Max: 0x00008000, ABSOLUTE)

    Execution Region ER_IROM1 (Base: 0x00000000, Size: 0x00003428, Max: 0x00008000, ABSOLUTE)

    Base Addr    Size         Type   Attr      Idx    E Section Name        Object

    0x00000000   0x000000c0   Data   RO         1227    RESET               vectors.o
    0x000000c0   0x00000000   Code   RO         1232  * .ARM.Collect$$$$00000000  mc_p.l(entry.o)
    0x000000c0   0x00000004   Code   RO         1520    .ARM.Collect$$$$00000001  mc_p.l(entry2.o)
    0x000000c4   0x00000004   Code   RO         1523    .ARM.Collect$$$$00000004  mc_p.l(entry5.o)
    0x000000c8   0x00000000   Code   RO         1525    .ARM.Collect$$$$00000008  mc_p.l(entry7b.o)
    0x000000c8   0x00000000   Code   RO         1527    .ARM.Collect$$$$0000000A  mc_p.l(entry8b.o)
    0x000000c8   0x00000008   Code   RO         1528    .ARM.Collect$$$$0000000B  mc_p.l(entry9a.o)
    0x000000d0   0x00000000   Code   RO         1530    .ARM.Collect$$$$0000000D  mc_p.l(entry10a.o)
    0x000000d0   0x00000000   Code   RO         1532    .ARM.Collect$$$$0000000F  mc_p.l(entry11a.o)
    0x000000d0   0x00000004   Code   RO         1521    .ARM.Collect$$$$00002712  mc_p.l(entry2.o)
    0x000000d4   0x00000104   Code   RO            2    .text               main.o
    0x000001d8   0x0000016c   Code   RO          275    .text               buttons.o
    0x00000344   0x00000204   Code   RO          291    .text               myadc.o
    0x00000548   0x00000154   Code   RO          340    .text               xifo.o
    0x0000069c   0x00000078   Code   RO          356    .text               relaythread.o
    0x00000714   0x00000014   Code   RO          443    .text               lut.o
    0x00000728   0x00000130   Code   RO          459    .text               piezothread.o
    0x00000858   0x00000384   Code   RO          483    .text               fuse.o
    0x00000bdc   0x0000013c   Code   RO          518    .text               ledthread.o
    0x00000d18   0x00000074   Code   RO          545    .text               board.o
    0x00000d8c   0x00000218   Code   RO          587    .text               chschd.o
    0x00000fa4   0x000000e4   Code   RO          629    .text               chsys.o
    0x00001088   0x0000026c   Code   RO          650    .text               chthreads.o
    0x000012f4   0x00000090   Code   RO          666    .text               chvt.o
    0x00001384   0x00000068   Code   RO          684    .text               chmemcore.o
    0x000013ec   0x0000010c   Code   RO          721    .text               chdynamic.o
    0x000014f8   0x0000028c   Code   RO          733    .text               chevents.o
    0x00001784   0x00000158   Code   RO          746    .text               chheap.o
    0x000018dc   0x00000062   Code   RO          773    .text               chmempools.o
    0x0000193e   0x00000002   PAD
    0x00001940   0x00000208   Code   RO          798    .text               chmtx.o
    0x00001b48   0x00000304   Code   RO          814    .text               chqueues.o
    0x00001e4c   0x00000024   Code   RO          950    .text               hal.o
    0x00001e70   0x00000148   Code   RO          982    .text               serial.o
    0x00001fb8   0x00000138   Code   RO         1000    .text               spi.o
    0x000020f0   0x000000a0   Code   RO         1016    .text               gpt.o
    0x00002190   0x00000274   Code   RO         1033    .text               gpt_lld.o
    0x00002404   0x0000008c   Code   RO         1059    .text               hal_lld.o
    0x00002490   0x00000088   Code   RO         1075    .text               pal_lld.o
    0x00002518   0x00000224   Code   RO         1091    .text               serial_lld.o
    0x0000273c   0x0000024c   Code   RO         1114    .text               spi_lld.o
    0x00002988   0x000000a4   Code   RO         1136    .text               iap_driver.o
    0x00002a2c   0x00000124   Code   RO         1158    .text               system.o
    0x00002b50   0x0000009c   Code   RO         1179    .text               nvic.o
    0x00002bec   0x00000004   Code   RO         1191    .text               chcore.o
    0x00002bf0   0x0000009c   Code   RO         1203    .text               chcore_v6m.o
    0x00002c8c   0x0000003c   Code   RO         1216    .text               chcoreasm_v6m.o
    0x00002cc8   0x00000024   Code   RO         1223    .text               cstartup.o
    0x00002cec   0x00000004   Code   RO         1228    .text               vectors.o
    0x00002cf0   0x0000002c   Code   RO         1235    .text               mc_p.l(uidiv.o)
    0x00002d1c   0x00000028   Code   RO         1237    .text               mc_p.l(idiv.o)
    0x00002d44   0x000000b2   Code   RO         1510    .text               mf_p.l(fadd.o)
    0x00002df6   0x0000007a   Code   RO         1512    .text               mf_p.l(fmul.o)
    0x00002e70   0x00000016   Code   RO         1514    .text               mf_p.l(fflti.o)
    0x00002e86   0x0000000e   Code   RO         1516    .text               mf_p.l(ffltui.o)
    0x00002e94   0x00000032   Code   RO         1518    .text               mf_p.l(ffixi.o)
    0x00002ec6   0x00000000   Code   RO         1538    .text               mc_p.l(iusefp.o)
    0x00002ec6   0x00000084   Code   RO         1539    .text               mf_p.l(fepilogue.o)
    0x00002f4a   0x00000002   PAD
    0x00002f4c   0x00000024   Code   RO         1551    .text               mc_p.l(init.o)
    0x00002f70   0x0000000e   Code   RO         1566    i.__scatterload_copy  mc_p.l(handlers.o)
    0x00002f7e   0x00000002   Code   RO         1567    i.__scatterload_null  mc_p.l(handlers.o)
    0x00002f80   0x0000000e   Code   RO         1568    i.__scatterload_zeroinit  mc_p.l(handlers.o)
    0x00002f8e   0x00000002   PAD
    0x00002f90   0x00000014   Data   RO            3    .constdata          main.o
    0x00002fa4   0x000003fc   Data   RO          444    .constdata          lut.o
    0x000033a0   0x00000020   Data   RO          547    .constdata          board.o
    0x000033c0   0x00000016   Data   RO          827    .constdata          chregistry.o
    0x000033d6   0x00000002   PAD
    0x000033d8   0x00000024   Data   RO          983    .constdata          serial.o
    0x000033fc   0x0000000c   Data   RO         1093    .constdata          serial_lld.o
    0x00003408   0x00000020   Data   RO         1563    Region$$Table       anon$$obj.o


    Execution Region RW_IRAM1 (Base: 0x10000000, Size: 0x00001878, Max: 0x00002000, ABSOLUTE)

    Base Addr    Size         Type   Attr      Idx    E Section Name        Object

    0x10000000   0x0000000c   Data   RW            4    .data               main.o
    0x1000000c   0x00000010   Data   RW          293    .data               myadc.o
    0x1000001c   0x00000008   Data   RW          358    .data               relaythread.o
    0x10000024   0x00000004   Data   RW          461    .data               piezothread.o
    0x10000028   0x00000058   Data   RW          485    .data               fuse.o
    0x10000080   0x00000004   Data   RW          520    .data               ledthread.o
    0x10000084   0x00000008   Data   RW          685    .data               chmemcore.o
    0x1000008c   0x00000004   Data   RW         1159    .data               system.o
    0x10000090   0x00000024   Zero   RW          292    .bss                myadc.o
    0x100000b4   0x00000004   PAD
    0x100000b8   0x00000130   Zero   RW          357    .bss                relaythread.o
    0x100001e8   0x00000130   Zero   RW          460    .bss                piezothread.o
    0x10000318   0x000009ec   Zero   RW          484    .bss                fuse.o
    0x10000d04   0x00000004   PAD
    0x10000d08   0x00000130   Zero   RW          519    .bss                ledthread.o
    0x10000e38   0x00000010   Zero   RW          546    .bss                board.o
    0x10000e48   0x00000020   Zero   RW          588    .bss                chschd.o
    0x10000e68   0x00000108   Zero   RW          630    .bss                chsys.o
    0x10000f70   0x00000010   Zero   RW          667    .bss                chvt.o
    0x10000f80   0x00000020   Zero   RW          747    .bss                chheap.o
    0x10000fa0   0x00000030   Zero   RW         1034    .bss                gpt_lld.o
    0x10000fd0   0x00000074   Zero   RW         1092    .bss                serial_lld.o
    0x10001044   0x00000030   Zero   RW         1115    .bss                spi_lld.o
    0x10001074   0x00000004   PAD
    0x10001078   0x00000400   Zero   RW         1221    CSTACK              cstartup.o
    0x10001478   0x00000400   Zero   RW         1220    MSTACK              cstartup.o


    Execution Region RW_IRAM2 (Base: 0x10002000, Size: 0x00000000, Max: 0x00000001, ABSOLUTE)

    Base Addr    Size         Type   Attr      Idx    E Section Name        Object

    0x10002000   0x00000000   Data   RO         1565    linker$$defined$$symbols  anon$$obj.o


==============================================================================

Image component sizes


      Code (inc. data)   RO Data    RW Data    ZI Data      Debug   Object Name

       116         32         32          0         16       2819   board.o
       364         20          0          0          0       1292   buttons.o
         4          0          0          0          0        412   chcore.o
       156         14          0          0          0       1375   chcore_v6m.o
        60          4          0          0          0        492   chcoreasm_v6m.o
       268          0          0          0          0       1765   chdynamic.o
       652          4          0          0          0       4065   chevents.o
       344         12          0          0         32       2076   chheap.o
       104         14          0          8          0       1682   chmemcore.o
        98          0          0          0          0       1623   chmempools.o
       520          4          0          0          0       3646   chmtx.o
       772          4          0          0          0       4083   chqueues.o
         0          0         22          0          0       1587   chregistry.o
       536         14          0          0         32       4983   chschd.o
         0          0          0          0          0        624   chsem.o
       228         48          0          0        264       1450   chsys.o
       620         12          0          0          0       4517   chthreads.o
       144          4          0          0         16       2419   chvt.o
        36          8          0          0       2048        412   cstartup.o
       900         82          0         88       2540       2707   fuse.o
       160          0          0          0          0       2417   gpt.o
       628         40          0          0         48       4098   gpt_lld.o
        36          6          0          0          0        438   hal.o
       140         32          0          0          0        738   hal_lld.o
       164          8          0          0          0       1597   iap_driver.o
       316         36          0          4        304       2067   ledthread.o
        20          6       1020          0          0        908   lut.o
       260         22         20         12          0      43757   main.o
       516         40          0         16         36       8703   myadc.o
       156         22          0          0          0        934   nvic.o
       136         32          0          0          0       1082   pal_lld.o
       304         42          0          4        304       1541   piezothread.o
       120         20          0          8        304       1615   relaythread.o
       328          6         36          0          0       3152   serial.o
       548         28         12          0        116       3958   serial_lld.o
       312          6          0          0          0       2697   spi.o
       588         26          0          0         48       4932   spi_lld.o
       292         90          0          4          0        931   system.o
         4          0        192          0          0        388   vectors.o
       340          0          0          0          0       2556   xifo.o

    ----------------------------------------------------------------------
     11292        738       1368        144       6120     132538   Object Totals
         0          0         32          0          0          0   (incl. Generated)
         2          0          2          0         12          0   (incl. Padding)

    ----------------------------------------------------------------------

      Code (inc. data)   RO Data    RW Data    ZI Data      Debug   Library Member Name

         0          0          0          0          0          0   entry.o
         0          0          0          0          0          0   entry10a.o
         0          0          0          0          0          0   entry11a.o
         8          4          0          0          0          0   entry2.o
         4          0          0          0          0          0   entry5.o
         0          0          0          0          0          0   entry7b.o
         0          0          0          0          0          0   entry8b.o
         8          4          0          0          0          0   entry9a.o
        30          0          0          0          0          0   handlers.o
        40          0          0          0          0         72   idiv.o
        36          8          0          0          0         68   init.o
         0          0          0          0          0          0   iusefp.o
        44          0          0          0          0         72   uidiv.o
       178          0          0          0          0        108   fadd.o
       132          0          0          0          0        144   fepilogue.o
        50          0          0          0          0         60   ffixi.o
        22          0          0          0          0         68   fflti.o
        14          0          0          0          0         68   ffltui.o
       122          0          0          0          0         72   fmul.o

    ----------------------------------------------------------------------
       692         16          0          0          0        732   Library Totals
         4          0          0          0          0          0   (incl. Padding)

    ----------------------------------------------------------------------

      Code (inc. data)   RO Data    RW Data    ZI Data      Debug   Library Name

       170         16          0          0          0        212   mc_p.l
       518          0          0          0          0        520   mf_p.l

    ----------------------------------------------------------------------
       692         16          0          0          0        732   Library Totals

    ----------------------------------------------------------------------

==============================================================================


      Code (inc. data)   RO Data    RW Data    ZI Data      Debug   

     11984        754       1368        144       6120     129990   Grand Totals
     11984        754       1368        144       6120     129990   ELF Image Totals
     11984        754       1368        144          0          0   ROM Totals

==============================================================================

    Total RO  Size (Code + RO Data)                13352 (  13.04kB)
    Total RW  Size (RW Data + ZI Data)              6264 (   6.12kB)
    Total ROM Size (Code + RO Data + RW Data)      13496 (  13.18kB)

==============================================================================

